✔ fails before running any stage when python3 is missing (19.134167ms)
✔ fails before running any stage when node is missing (35.334083ms)
✔ fails before running any stage when npm is missing (18.157416ms)
✔ runs every verification stage in order (851.375875ms)
✔ stops and preserves failure status from node --test scripts/test_all.test.mjs (166.043375ms)
✔ stops and preserves failure status from python3 -m compileall -q app.py project tests (393.492042ms)
✔ stops and preserves failure status from python3 -m pytest -q (380.024584ms)
✔ stops and preserves failure status from npm run typecheck (513.0145ms)
✔ stops and preserves failure status from npm test (530.977458ms)
✔ stops and preserves failure status from npm run build (530.872667ms)
✔ installs missing dependencies from the lockfile (532.145833ms)
✔ does not run frontend verification after a failed install (505.860125ms)
✔ uses the repository virtualenv even without system Python (530.184041ms)
ℹ tests 13
ℹ suites 0
ℹ pass 13
ℹ fail 0
ℹ cancelled 0
ℹ skipped 0
ℹ todo 0
ℹ duration_ms 5079.960375
................................................... [ 64%]
............................                                             [100%]
79 passed, 21 subtests passed in 3.28s

> interactive-fire-calculator@2.0.0 typecheck
> tsc --noEmit


> interactive-fire-calculator@2.0.0 test
> vitest run


 RUN  v4.1.11 /Users/Rakesh/Projects/Interactive-FIRE-Calculator

(node:92471) ExperimentalWarning: SQLite is an experimental feature and might change at any time
(Use `node --trace-warnings ...` to show where the warning was created)
(node:92472) ExperimentalWarning: SQLite is an experimental feature and might change at any time
(Use `node --trace-warnings ...` to show where the warning was created)
(node:92476) ExperimentalWarning: SQLite is an experimental feature and might change at any time
(Use `node --trace-warnings ...` to show where the warning was created)
(node:92478) ExperimentalWarning: SQLite is an experimental feature and might change at any time
(Use `node --trace-warnings ...` to show where the warning was created)
(node:92491) ExperimentalWarning: SQLite is an experimental feature and might change at any time
(Use `node --trace-warnings ...` to show where the warning was created)

 Test Files  47 passed (47)
      Tests  1608 passed (1608)
   Start at  03:54:44
   Duration  12.52s (transform 3.94s, setup 0ms, import 9.15s, tests 11.90s, environment 55.20s)


> interactive-fire-calculator@2.0.0 build
> tsc -b && vite build && node scripts/verify_build_isolation.mjs

vite v8.0.16 building client environment for production...
[2Ktransforming...✓ 2406 modules transformed.
rendering chunks...
computing gzip size...
dist/index.html                                              0.85 kB │ gzip:   0.47 kB
dist/assets/inter-vietnamese-wght-normal-CBcvBZtf.woff2     10.25 kB
dist/assets/inter-greek-ext-wght-normal-DlzME5K_.woff2      11.23 kB
dist/assets/inter-cyrillic-wght-normal-DqGufNeO.woff2       18.74 kB
dist/assets/inter-greek-wght-normal-CkhJZR-_.woff2          18.99 kB
dist/assets/inter-cyrillic-ext-wght-normal-BOeWTOD4.woff2   25.96 kB
dist/assets/inter-latin-wght-normal-Dx4kXJAl.woff2          48.25 kB
dist/assets/inter-latin-ext-wght-normal-DO1Apj_S.woff2      85.06 kB
dist/assets/main-BdIySEfY.css                              179.59 kB │ gzip:  29.50 kB
dist/assets/history-BDAAvK8I.js                              0.27 kB │ gzip:   0.22 kB │ map:     0.97 kB
dist/assets/jsx-runtime-CdvZGgm7.js                          7.80 kB │ gzip:   3.02 kB │ map:    16.70 kB
dist/assets/BalanceImportPanel-CEoy9XA_.js                   9.47 kB │ gzip:   3.32 kB │ map:    25.18 kB
dist/assets/TransactionImportPanel-R2wPX3FU.js              10.00 kB │ gzip:   3.40 kB │ map:    26.41 kB
dist/assets/PlanningWorkspace-DQA7VQiD.js                   14.16 kB │ gzip:   4.17 kB │ map:    42.25 kB
dist/assets/papaparse.min-TfkBKiSS.js                       20.09 kB │ gzip:   7.44 kB │ map:    46.10 kB
dist/assets/CalculatorLibrary-nT8ACJUc.js                  318.54 kB │ gzip:  85.17 kB │ map:   784.15 kB
dist/assets/ProjectionChart-CXZ63G7n.js                    347.89 kB │ gzip: 102.39 kB │ map: 1,758.79 kB
dist/assets/main-bAwZozDl.js                               528.07 kB │ gzip: 145.34 kB │ map: 1,623.16 kB

✓ built in 476ms
[plugin builtin:vite-reporter] 
(!) Some chunks are larger than 500 kB after minification. Consider:
- Using dynamic import() to code-split the application
- Use build.rolldownOptions.output.codeSplitting to improve chunking: https://rolldown.rs/reference/OutputOptions.codeSplitting
- Adjust chunk size limit for this warning via build.chunkSizeWarningLimit.
[verify_build_isolation] Inspecting production build in: /Users/Rakesh/Projects/Interactive-FIRE-Calculator/dist
[PASS] Verified build isolation: 19 production asset files (JS, CSS, Source Maps) clean. 0 fixture leaks.
