✔ fails before running any stage when python3 is missing (15.139875ms)
✔ fails before running any stage when node is missing (12.306334ms)
✔ fails before running any stage when npm is missing (9.724375ms)
✔ runs every verification stage in order (938.061583ms)
✔ stops and preserves failure status from node --test scripts/test_all.test.mjs (158.739958ms)
✔ stops and preserves failure status from node --test scripts/build_preview_auth.test.mjs (157.550084ms)
✔ stops and preserves failure status from python3 -m compileall -q app.py project tests (312.38975ms)
✔ stops and preserves failure status from python3 -m pytest -q (366.404875ms)
✔ stops and preserves failure status from npm run typecheck (506.329292ms)
✔ stops and preserves failure status from npm test (535.029917ms)
✔ stops and preserves failure status from npm run build (524.085667ms)
✔ installs missing dependencies from the lockfile (535.519709ms)
✔ does not run frontend verification after a failed install (503.937917ms)
✔ uses the repository virtualenv even without system Python (533.773125ms)
ℹ tests 14
ℹ suites 0
ℹ pass 14
ℹ fail 0
ℹ cancelled 0
ℹ skipped 0
ℹ todo 0
ℹ duration_ms 5171.882542
✔ requires a development publishable key (1.651ms)
✔ reads the client-visible key from a private ignored env file (3.840208ms)
✔ rejects a key file readable by other users (0.406583ms)
✔ rejects server credentials exposed through Vite client variables (0.236417ms)
✔ rejects server credentials loaded by Vite from production env files (2.180208ms)
ℹ tests 5
ℹ suites 0
ℹ pass 5
ℹ fail 0
ℹ cancelled 0
ℹ skipped 0
ℹ todo 0
ℹ duration_ms 144.507542
................................................... [ 64%]
............................                                             [100%]
79 passed, 21 subtests passed in 3.37s

> interactive-fire-calculator@2.0.0 typecheck
> tsc --noEmit


> interactive-fire-calculator@2.0.0 test
> vitest run


 RUN  v4.1.11 /Users/Rakesh/Projects/Interactive-FIRE-Calculator

(node:73656) ExperimentalWarning: SQLite is an experimental feature and might change at any time
(Use `node --trace-warnings ...` to show where the warning was created)
(node:73659) ExperimentalWarning: SQLite is an experimental feature and might change at any time
(Use `node --trace-warnings ...` to show where the warning was created)
(node:73661) ExperimentalWarning: SQLite is an experimental feature and might change at any time
(Use `node --trace-warnings ...` to show where the warning was created)
(node:73662) ExperimentalWarning: SQLite is an experimental feature and might change at any time
(Use `node --trace-warnings ...` to show where the warning was created)
(node:73679) ExperimentalWarning: SQLite is an experimental feature and might change at any time
(Use `node --trace-warnings ...` to show where the warning was created)

 Test Files  49 passed (49)
      Tests  1624 passed (1624)
   Start at  01:05:52
   Duration  8.47s (transform 2.61s, setup 0ms, import 7.10s, tests 7.56s, environment 35.08s)


> interactive-fire-calculator@2.0.0 build
> tsc -b && vite build && node scripts/verify_build_isolation.mjs

vite v8.0.16 building client environment for production...
[2Ktransforming...✓ 2406 modules transformed.
rendering chunks...
computing gzip size...
dist/index.html                                              0.85 kB │ gzip:   0.47 kB
dist/assets/inter-vietnamese-wght-normal-CBcvBZtf.woff2     10.25 kB
dist/assets/inter-greek-ext-wght-normal-DlzME5K_.woff2      11.23 kB
dist/assets/inter-cyrillic-wght-normal-DqGufNeO.woff2       18.74 kB
dist/assets/inter-greek-wght-normal-CkhJZR-_.woff2          18.99 kB
dist/assets/inter-cyrillic-ext-wght-normal-BOeWTOD4.woff2   25.96 kB
dist/assets/inter-latin-wght-normal-Dx4kXJAl.woff2          48.25 kB
dist/assets/inter-latin-ext-wght-normal-DO1Apj_S.woff2      85.06 kB
dist/assets/main-BitPtH2I.css                              179.95 kB │ gzip:  29.61 kB
dist/assets/history-tUZZAilu.js                              0.27 kB │ gzip:   0.22 kB │ map:     0.97 kB
dist/assets/jsx-runtime-CdvZGgm7.js                          7.80 kB │ gzip:   3.02 kB │ map:    16.70 kB
dist/assets/BalanceImportPanel-CiZCAefs.js                   9.49 kB │ gzip:   3.32 kB │ map:    25.23 kB
dist/assets/TransactionImportPanel-BmO-kXRJ.js              10.02 kB │ gzip:   3.41 kB │ map:    26.46 kB
dist/assets/PlanningWorkspace-CBWS04f5.js                   14.16 kB │ gzip:   4.17 kB │ map:    42.25 kB
dist/assets/papaparse.min-De51hVNn.js                       20.09 kB │ gzip:   7.44 kB │ map:    46.10 kB
dist/assets/CalculatorLibrary-DzWK3JXD.js                  318.54 kB │ gzip:  85.17 kB │ map:   784.15 kB
dist/assets/ProjectionChart-C-rr_AcU.js                    347.89 kB │ gzip: 102.39 kB │ map: 1,758.79 kB
dist/assets/main-BrOe_UZh.js                               529.03 kB │ gzip: 145.62 kB │ map: 1,625.87 kB

✓ built in 409ms
[plugin builtin:vite-reporter] 
(!) Some chunks are larger than 500 kB after minification. Consider:
- Using dynamic import() to code-split the application
- Use build.rolldownOptions.output.codeSplitting to improve chunking: https://rolldown.rs/reference/OutputOptions.codeSplitting
- Adjust chunk size limit for this warning via build.chunkSizeWarningLimit.
[verify_build_isolation] Inspecting production build in: /Users/Rakesh/Projects/Interactive-FIRE-Calculator/dist
[PASS] Verified build isolation: 19 production asset files (JS, CSS, Source Maps) clean. 0 fixture leaks.
