✔ fails before running any stage when python3 is missing (17.93975ms)
✔ fails before running any stage when node is missing (13.183958ms)
✔ fails before running any stage when npm is missing (11.950583ms)
✔ runs every verification stage in order (698.831583ms)
✔ stops and preserves failure status from node --test scripts/test_all.test.mjs (174.115292ms)
✔ stops and preserves failure status from node --test scripts/build_preview_auth.test.mjs (176.290375ms)
✔ stops and preserves failure status from python3 -m compileall -q app.py project tests (326.522625ms)
✔ stops and preserves failure status from python3 -m pytest -q (368.471709ms)
✔ stops and preserves failure status from npm run typecheck (512.221041ms)
✔ stops and preserves failure status from npm test (532.505166ms)
✔ stops and preserves failure status from npm run build (555.040583ms)
✔ installs missing dependencies from the lockfile (522.462209ms)
✔ does not run frontend verification after a failed install (490.201375ms)
✔ uses the repository virtualenv even without system Python (546.13425ms)
ℹ tests 14
ℹ suites 0
ℹ pass 14
ℹ fail 0
ℹ cancelled 0
ℹ skipped 0
ℹ todo 0
ℹ duration_ms 5013.605875
✔ requires a development publishable key (2.331166ms)
✔ reads the client-visible key from a private ignored env file (3.473292ms)
✔ rejects a key file readable by other users (0.627834ms)
✔ rejects server credentials exposed through Vite client variables (0.289667ms)
✔ rejects server credentials loaded by Vite from production env files (2.096875ms)
ℹ tests 5
ℹ suites 0
ℹ pass 5
ℹ fail 0
ℹ cancelled 0
ℹ skipped 0
ℹ todo 0
ℹ duration_ms 178.121667
................................................... [ 64%]
............................                                             [100%]
79 passed, 21 subtests passed in 2.84s

> interactive-fire-calculator@2.0.0 typecheck
> tsc --noEmit


> interactive-fire-calculator@2.0.0 test
> vitest run


 RUN  v4.1.11 /Users/Rakesh/Projects/Interactive-FIRE-Calculator

(node:51828) ExperimentalWarning: SQLite is an experimental feature and might change at any time
(Use `node --trace-warnings ...` to show where the warning was created)
(node:51830) ExperimentalWarning: SQLite is an experimental feature and might change at any time
(Use `node --trace-warnings ...` to show where the warning was created)
(node:51833) ExperimentalWarning: SQLite is an experimental feature and might change at any time
(Use `node --trace-warnings ...` to show where the warning was created)
(node:51836) ExperimentalWarning: SQLite is an experimental feature and might change at any time
(Use `node --trace-warnings ...` to show where the warning was created)
(node:51846) ExperimentalWarning: SQLite is an experimental feature and might change at any time
(Use `node --trace-warnings ...` to show where the warning was created)

 Test Files  47 passed (47)
      Tests  1608 passed (1608)
   Start at  07:13:27
   Duration  9.33s (transform 3.65s, setup 0ms, import 7.99s, tests 9.28s, environment 38.95s)


> interactive-fire-calculator@2.0.0 build
> tsc -b && vite build && node scripts/verify_build_isolation.mjs

vite v8.0.16 building client environment for production...
[2Ktransforming...✓ 2406 modules transformed.
rendering chunks...
computing gzip size...
dist/index.html                                              0.85 kB │ gzip:   0.47 kB
dist/assets/inter-vietnamese-wght-normal-CBcvBZtf.woff2     10.25 kB
dist/assets/inter-greek-ext-wght-normal-DlzME5K_.woff2      11.23 kB
dist/assets/inter-cyrillic-wght-normal-DqGufNeO.woff2       18.74 kB
dist/assets/inter-greek-wght-normal-CkhJZR-_.woff2          18.99 kB
dist/assets/inter-cyrillic-ext-wght-normal-BOeWTOD4.woff2   25.96 kB
dist/assets/inter-latin-wght-normal-Dx4kXJAl.woff2          48.25 kB
dist/assets/inter-latin-ext-wght-normal-DO1Apj_S.woff2      85.06 kB
dist/assets/main-BdIySEfY.css                              179.59 kB │ gzip:  29.50 kB
dist/assets/history-BDAAvK8I.js                              0.27 kB │ gzip:   0.22 kB │ map:     0.97 kB
dist/assets/jsx-runtime-CdvZGgm7.js                          7.80 kB │ gzip:   3.02 kB │ map:    16.70 kB
dist/assets/BalanceImportPanel-CEoy9XA_.js                   9.47 kB │ gzip:   3.32 kB │ map:    25.18 kB
dist/assets/TransactionImportPanel-R2wPX3FU.js              10.00 kB │ gzip:   3.40 kB │ map:    26.41 kB
dist/assets/PlanningWorkspace-DQA7VQiD.js                   14.16 kB │ gzip:   4.17 kB │ map:    42.25 kB
dist/assets/papaparse.min-TfkBKiSS.js                       20.09 kB │ gzip:   7.44 kB │ map:    46.10 kB
dist/assets/CalculatorLibrary-nT8ACJUc.js                  318.54 kB │ gzip:  85.17 kB │ map:   784.15 kB
dist/assets/ProjectionChart-CXZ63G7n.js                    347.89 kB │ gzip: 102.39 kB │ map: 1,758.79 kB
dist/assets/main-bAwZozDl.js                               528.07 kB │ gzip: 145.34 kB │ map: 1,623.16 kB

✓ built in 435ms
[plugin builtin:vite-reporter] 
(!) Some chunks are larger than 500 kB after minification. Consider:
- Using dynamic import() to code-split the application
- Use build.rolldownOptions.output.codeSplitting to improve chunking: https://rolldown.rs/reference/OutputOptions.codeSplitting
- Adjust chunk size limit for this warning via build.chunkSizeWarningLimit.
[verify_build_isolation] Inspecting production build in: /Users/Rakesh/Projects/Interactive-FIRE-Calculator/dist
[PASS] Verified build isolation: 19 production asset files (JS, CSS, Source Maps) clean. 0 fixture leaks.
