TAP version 13
# Subtest: fails before running any stage when python3 is missing
ok 1 - fails before running any stage when python3 is missing
  ---
  duration_ms: 18.366292
  type: 'test'
  ...
# Subtest: fails before running any stage when node is missing
ok 2 - fails before running any stage when node is missing
  ---
  duration_ms: 13.3765
  type: 'test'
  ...
# Subtest: fails before running any stage when npm is missing
ok 3 - fails before running any stage when npm is missing
  ---
  duration_ms: 17.100042
  type: 'test'
  ...
# Subtest: runs every verification stage in order
ok 4 - runs every verification stage in order
  ---
  duration_ms: 900.54875
  type: 'test'
  ...
# Subtest: stops and preserves failure status from node --test scripts/test_all.test.mjs
ok 5 - stops and preserves failure status from node --test scripts/test_all.test.mjs
  ---
  duration_ms: 171.554458
  type: 'test'
  ...
# Subtest: stops and preserves failure status from python3 -m compileall -q app.py project tests
ok 6 - stops and preserves failure status from python3 -m compileall -q app.py project tests
  ---
  duration_ms: 322.626375
  type: 'test'
  ...
# Subtest: stops and preserves failure status from python3 -m pytest -q
ok 7 - stops and preserves failure status from python3 -m pytest -q
  ---
  duration_ms: 337.674583
  type: 'test'
  ...
# Subtest: stops and preserves failure status from npm run typecheck
ok 8 - stops and preserves failure status from npm run typecheck
  ---
  duration_ms: 503.38375
  type: 'test'
  ...
# Subtest: stops and preserves failure status from npm test
ok 9 - stops and preserves failure status from npm test
  ---
  duration_ms: 558.257833
  type: 'test'
  ...
# Subtest: stops and preserves failure status from npm run build
ok 10 - stops and preserves failure status from npm run build
  ---
  duration_ms: 508.267291
  type: 'test'
  ...
# Subtest: installs missing dependencies from the lockfile
ok 11 - installs missing dependencies from the lockfile
  ---
  duration_ms: 527.705583
  type: 'test'
  ...
# Subtest: does not run frontend verification after a failed install
ok 12 - does not run frontend verification after a failed install
  ---
  duration_ms: 507.016792
  type: 'test'
  ...
# Subtest: uses the repository virtualenv even without system Python
ok 13 - uses the repository virtualenv even without system Python
  ---
  duration_ms: 569.164541
  type: 'test'
  ...
1..13
# tests 13
# suites 0
# pass 13
# fail 0
# cancelled 0
# skipped 0
# todo 0
# duration_ms 5019.046959
................................................... [ 64%]
............................                                             [100%]
79 passed, 21 subtests passed in 6.64s

> interactive-fire-calculator@2.0.0 typecheck
> tsc --noEmit


> interactive-fire-calculator@2.0.0 test
> vitest run


 RUN  v4.1.11 /Users/Rakesh/Projects/Interactive-FIRE-Calculator

(node:66782) ExperimentalWarning: SQLite is an experimental feature and might change at any time
(Use `node --trace-warnings ...` to show where the warning was created)

 Test Files  39 passed (39)
      Tests  1551 passed (1551)
   Start at  11:35:53
   Duration  10.74s (transform 2.83s, setup 0ms, import 6.72s, tests 8.86s, environment 51.05s)


> interactive-fire-calculator@2.0.0 build
> tsc -b && vite build

vite v8.0.16 building client environment for production...
[2K
transforming...✓ 2406 modules transformed.
rendering chunks...
computing gzip size...
dist/index.html                                              0.85 kB │ gzip:   0.47 kB
dist/assets/inter-vietnamese-wght-normal-CBcvBZtf.woff2     10.25 kB
dist/assets/inter-greek-ext-wght-normal-DlzME5K_.woff2      11.23 kB
dist/assets/inter-cyrillic-wght-normal-DqGufNeO.woff2       18.74 kB
dist/assets/inter-greek-wght-normal-CkhJZR-_.woff2          18.99 kB
dist/assets/inter-cyrillic-ext-wght-normal-BOeWTOD4.woff2   25.96 kB
dist/assets/inter-latin-wght-normal-Dx4kXJAl.woff2          48.25 kB
dist/assets/inter-latin-ext-wght-normal-DO1Apj_S.woff2      85.06 kB
dist/assets/index-Bq8yRH0L.css                             179.59 kB │ gzip:  29.49 kB
dist/assets/history-BqMfefoE.js                              0.27 kB │ gzip:   0.22 kB │ map:     0.97 kB
dist/assets/jsx-runtime-CdvZGgm7.js                          7.80 kB │ gzip:   3.02 kB │ map:    16.70 kB
dist/assets/BalanceImportPanel-T9tKqmqS.js                   9.47 kB │ gzip:   3.32 kB │ map:    25.18 kB
dist/assets/TransactionImportPanel-D2e_gWs5.js              10.00 kB │ gzip:   3.40 kB │ map:    26.41 kB
dist/assets/PlanningWorkspace-CxqbIHkr.js                   14.16 kB │ gzip:   4.17 kB │ map:    42.25 kB
dist/assets/papaparse.min-Ce5GJhVw.js                       20.09 kB │ gzip:   7.44 kB │ map:    46.10 kB
dist/assets/CalculatorLibrary-BeFBNzW_.js                  318.54 kB │ gzip:  85.18 kB │ map:   784.15 kB
dist/assets/ProjectionChart-BN3cREW6.js                    347.89 kB │ gzip: 102.40 kB │ map: 1,758.79 kB
dist/assets/index-FXZW_ti4.js                              527.73 kB │ gzip: 145.19 kB │ map: 1,621.87 kB

✓ built in 1.19s
[plugin builtin:vite-reporter]
(!) Some chunks are larger than 500 kB after minification. Consider:
- Using dynamic import() to code-split the application
- Use build.rolldownOptions.output.codeSplitting to improve chunking: https://rolldown.rs/reference/OutputOptions.codeSplitting
- Adjust chunk size limit for this warning via build.chunkSizeWarningLimit.
