
> interactive-fire-calculator@2.0.0 build:preview-auth
> node scripts/build_preview_auth.mjs


> interactive-fire-calculator@2.0.0 build
> tsc -b && vite build && node scripts/verify_build_isolation.mjs

vite v8.0.16 building client environment for production...
[2Ktransforming...✓ 2406 modules transformed.
rendering chunks...
computing gzip size...
dist/index.html                                              0.85 kB │ gzip:   0.47 kB
dist/assets/inter-vietnamese-wght-normal-CBcvBZtf.woff2     10.25 kB
dist/assets/inter-greek-ext-wght-normal-DlzME5K_.woff2      11.23 kB
dist/assets/inter-cyrillic-wght-normal-DqGufNeO.woff2       18.74 kB
dist/assets/inter-greek-wght-normal-CkhJZR-_.woff2          18.99 kB
dist/assets/inter-cyrillic-ext-wght-normal-BOeWTOD4.woff2   25.96 kB
dist/assets/inter-latin-wght-normal-Dx4kXJAl.woff2          48.25 kB
dist/assets/inter-latin-ext-wght-normal-DO1Apj_S.woff2      85.06 kB
dist/assets/main-BdIySEfY.css                              179.59 kB │ gzip:  29.50 kB
dist/assets/history-DhgHMf4R.js                              0.27 kB │ gzip:   0.22 kB │ map:     0.97 kB
dist/assets/jsx-runtime-CdvZGgm7.js                          7.80 kB │ gzip:   3.02 kB │ map:    16.70 kB
dist/assets/BalanceImportPanel-DsJSNQDf.js                   9.47 kB │ gzip:   3.32 kB │ map:    25.18 kB
dist/assets/TransactionImportPanel-Cs7TQOws.js              10.00 kB │ gzip:   3.40 kB │ map:    26.41 kB
dist/assets/PlanningWorkspace-BfXLI4zt.js                   14.16 kB │ gzip:   4.17 kB │ map:    42.25 kB
dist/assets/papaparse.min-CE6-DvVZ.js                       20.09 kB │ gzip:   7.44 kB │ map:    46.10 kB
dist/assets/CalculatorLibrary-CGi3HSaF.js                  318.54 kB │ gzip:  85.17 kB │ map:   784.15 kB
dist/assets/ProjectionChart-npruXJb_.js                    347.89 kB │ gzip: 102.40 kB │ map: 1,758.79 kB
dist/assets/main-DIilGnYM.js                               535.81 kB │ gzip: 147.85 kB │ map: 1,643.04 kB

✓ built in 517ms
[plugin builtin:vite-reporter] 
(!) Some chunks are larger than 500 kB after minification. Consider:
- Using dynamic import() to code-split the application
- Use build.rolldownOptions.output.codeSplitting to improve chunking: https://rolldown.rs/reference/OutputOptions.codeSplitting
- Adjust chunk size limit for this warning via build.chunkSizeWarningLimit.
[verify_build_isolation] Inspecting production build in: /Users/Rakesh/Projects/Interactive-FIRE-Calculator/dist
[PASS] Verified build isolation: 19 production asset files (JS, CSS, Source Maps) clean. 0 fixture leaks.
server secret-shaped values: 0
