✔ fails before running any stage when python3 is missing (19.32575ms)
✔ fails before running any stage when node is missing (16.915541ms)
✔ fails before running any stage when npm is missing (22.164875ms)
✔ runs every verification stage in order (668.236417ms)
✔ stops and preserves failure status from node --test scripts/test_all.test.mjs (173.1735ms)
✔ stops and preserves failure status from node --test scripts/build_preview_auth.test.mjs (183.757084ms)
✔ stops and preserves failure status from python3 -m compileall -q app.py project tests (339.253708ms)
✔ stops and preserves failure status from python3 -m pytest -q (344.823208ms)
✔ stops and preserves failure status from npm run typecheck (525.3935ms)
✔ stops and preserves failure status from npm test (527.613917ms)
✔ stops and preserves failure status from npm run build (528.135167ms)
✔ installs missing dependencies from the lockfile (538.297167ms)
✔ does not run frontend verification after a failed install (513.993333ms)
✔ uses the repository virtualenv even without system Python (531.712917ms)
ℹ tests 14
ℹ suites 0
ℹ pass 14
ℹ fail 0
ℹ cancelled 0
ℹ skipped 0
ℹ todo 0
ℹ duration_ms 5001.787667
✔ requires a development publishable key (1.29025ms)
✔ reads the client-visible key from a private ignored env file (2.968417ms)
✔ rejects a key file readable by other users (0.671167ms)
✔ rejects server credentials exposed through Vite client variables (0.26775ms)
✔ rejects server credentials loaded by Vite from production env files (1.346292ms)
ℹ tests 5
ℹ suites 0
ℹ pass 5
ℹ fail 0
ℹ cancelled 0
ℹ skipped 0
ℹ todo 0
ℹ duration_ms 156.237042
................................................... [ 64%]
............................                                             [100%]
79 passed, 21 subtests passed in 1.90s

> interactive-fire-calculator@2.0.0 typecheck
> tsc --noEmit


> interactive-fire-calculator@2.0.0 test
> vitest run


 RUN  v4.1.11 /Users/Rakesh/Projects/Interactive-FIRE-Calculator

(node:63020) ExperimentalWarning: SQLite is an experimental feature and might change at any time
(Use `node --trace-warnings ...` to show where the warning was created)
(node:63026) ExperimentalWarning: SQLite is an experimental feature and might change at any time
(Use `node --trace-warnings ...` to show where the warning was created)
(node:63029) ExperimentalWarning: SQLite is an experimental feature and might change at any time
(Use `node --trace-warnings ...` to show where the warning was created)
(node:63032) ExperimentalWarning: SQLite is an experimental feature and might change at any time
(Use `node --trace-warnings ...` to show where the warning was created)
(node:63034) ExperimentalWarning: SQLite is an experimental feature and might change at any time
(Use `node --trace-warnings ...` to show where the warning was created)
(node:63035) ExperimentalWarning: SQLite is an experimental feature and might change at any time
(Use `node --trace-warnings ...` to show where the warning was created)
(node:63036) ExperimentalWarning: SQLite is an experimental feature and might change at any time
(Use `node --trace-warnings ...` to show where the warning was created)
(node:63042) ExperimentalWarning: SQLite is an experimental feature and might change at any time
(Use `node --trace-warnings ...` to show where the warning was created)

 Test Files  55 passed (55)
      Tests  1685 passed (1685)
   Start at  01:19:25
   Duration  10.93s (transform 3.90s, setup 0ms, import 10.05s, tests 10.37s, environment 44.77s)


> interactive-fire-calculator@2.0.0 build
> tsc -b && vite build && node scripts/verify_build_isolation.mjs

vite v8.0.16 building client environment for production...
[2K
transforming...✓ 2407 modules transformed.
rendering chunks...
computing gzip size...
dist/index.html                                              0.85 kB │ gzip:   0.46 kB
dist/assets/inter-vietnamese-wght-normal-CBcvBZtf.woff2     10.25 kB
dist/assets/inter-greek-ext-wght-normal-DlzME5K_.woff2      11.23 kB
dist/assets/inter-cyrillic-wght-normal-DqGufNeO.woff2       18.74 kB
dist/assets/inter-greek-wght-normal-CkhJZR-_.woff2          18.99 kB
dist/assets/inter-cyrillic-ext-wght-normal-BOeWTOD4.woff2   25.96 kB
dist/assets/inter-latin-wght-normal-Dx4kXJAl.woff2          48.25 kB
dist/assets/inter-latin-ext-wght-normal-DO1Apj_S.woff2      85.06 kB
dist/assets/main-CYYf7YQI.css                              189.29 kB │ gzip:  31.00 kB
dist/assets/circle-check-CcZx8NBI.js                         0.21 kB │ gzip:   0.19 kB │ map:     0.90 kB
dist/assets/history-DPGNtXhn.js                              0.27 kB │ gzip:   0.22 kB │ map:     0.97 kB
dist/assets/jsx-runtime-CdvZGgm7.js                          7.80 kB │ gzip:   3.02 kB │ map:    16.70 kB
dist/assets/BalanceImportPanel-Kub0kTOG.js                   9.53 kB │ gzip:   3.35 kB │ map:    25.23 kB
dist/assets/TransactionImportPanel-CWmKdfaM.js              10.06 kB │ gzip:   3.43 kB │ map:    26.46 kB
dist/assets/papaparse.min-C7bgMCDm.js                       19.96 kB │ gzip:   7.41 kB │ map:    45.31 kB
dist/assets/PlanningWorkspace-C22Zr30L.js                   25.01 kB │ gzip:   7.00 kB │ map:    72.59 kB
dist/assets/CalculatorLibrary-DONxdB_f.js                  318.54 kB │ gzip:  85.17 kB │ map:   784.15 kB
dist/assets/ProjectionChart-Ir38K6el.js                    347.89 kB │ gzip: 102.40 kB │ map: 1,758.79 kB
dist/assets/main-CqFUlmlm.js                               546.38 kB │ gzip: 150.34 kB │ map: 1,684.69 kB

[plugin builtin:vite-reporter]
(!) Some chunks are larger than 500 kB after minification. Consider:
- Using dynamic import() to code-split the application
- Use build.rolldownOptions.output.codeSplitting to improve chunking: https://rolldown.rs/reference/OutputOptions.codeSplitting
- Adjust chunk size limit for this warning via build.chunkSizeWarningLimit.
✓ built in 512ms
[verify_build_isolation] Inspecting production build in: /Users/Rakesh/Projects/Interactive-FIRE-Calculator/dist
[PASS] Verified build isolation: 21 production asset files (JS, CSS, Source Maps) clean. 0 fixture leaks.
