TAP version 13
# Subtest: fails before running any stage when python3 is missing
ok 1 - fails before running any stage when python3 is missing
  ---
  duration_ms: 18.00675
  type: 'test'
  ...
# Subtest: fails before running any stage when node is missing
ok 2 - fails before running any stage when node is missing
  ---
  duration_ms: 14.065417
  type: 'test'
  ...
# Subtest: fails before running any stage when npm is missing
ok 3 - fails before running any stage when npm is missing
  ---
  duration_ms: 15.316875
  type: 'test'
  ...
# Subtest: runs every verification stage in order
ok 4 - runs every verification stage in order
  ---
  duration_ms: 740.937375
  type: 'test'
  ...
# Subtest: stops and preserves failure status from node --test scripts/test_all.test.mjs
ok 5 - stops and preserves failure status from node --test scripts/test_all.test.mjs
  ---
  duration_ms: 225.807792
  type: 'test'
  ...
# Subtest: stops and preserves failure status from python3 -m compileall -q app.py project tests
ok 6 - stops and preserves failure status from python3 -m compileall -q app.py project tests
  ---
  duration_ms: 304.69725
  type: 'test'
  ...
# Subtest: stops and preserves failure status from python3 -m pytest -q
ok 7 - stops and preserves failure status from python3 -m pytest -q
  ---
  duration_ms: 363.329167
  type: 'test'
  ...
# Subtest: stops and preserves failure status from npm run typecheck
ok 8 - stops and preserves failure status from npm run typecheck
  ---
  duration_ms: 504.556125
  type: 'test'
  ...
# Subtest: stops and preserves failure status from npm test
ok 9 - stops and preserves failure status from npm test
  ---
  duration_ms: 547.69925
  type: 'test'
  ...
# Subtest: stops and preserves failure status from npm run build
ok 10 - stops and preserves failure status from npm run build
  ---
  duration_ms: 527.574792
  type: 'test'
  ...
# Subtest: installs missing dependencies from the lockfile
ok 11 - installs missing dependencies from the lockfile
  ---
  duration_ms: 531.084667
  type: 'test'
  ...
# Subtest: does not run frontend verification after a failed install
ok 12 - does not run frontend verification after a failed install
  ---
  duration_ms: 500.51475
  type: 'test'
  ...
# Subtest: uses the repository virtualenv even without system Python
ok 13 - uses the repository virtualenv even without system Python
  ---
  duration_ms: 617.859875
  type: 'test'
  ...
1..13
# tests 13
# suites 0
# pass 13
# fail 0
# cancelled 0
# skipped 0
# todo 0
# duration_ms 4975.058417
................................................... [ 64%]
............................                                             [100%]
79 passed, 21 subtests passed in 3.91s

> interactive-fire-calculator@2.0.0 typecheck
> tsc --noEmit


> interactive-fire-calculator@2.0.0 test
> vitest run


 RUN  v4.1.11 /Users/Rakesh/Projects/Interactive-FIRE-Calculator

(node:39016) ExperimentalWarning: SQLite is an experimental feature and might change at any time
(Use `node --trace-warnings ...` to show where the warning was created)

 Test Files  35 passed (35)
      Tests  1508 passed (1508)
   Start at  19:21:03
   Duration  8.97s (transform 2.39s, setup 0ms, import 5.54s, tests 2.87s, environment 45.77s)


> interactive-fire-calculator@2.0.0 build
> tsc -b && vite build

vite v8.0.16 building client environment for production...
[2Ktransforming...✓ 2406 modules transformed.
rendering chunks...
computing gzip size...
dist/index.html                                              0.85 kB │ gzip:   0.47 kB
dist/assets/inter-vietnamese-wght-normal-CBcvBZtf.woff2     10.25 kB
dist/assets/inter-greek-ext-wght-normal-DlzME5K_.woff2      11.23 kB
dist/assets/inter-cyrillic-wght-normal-DqGufNeO.woff2       18.74 kB
dist/assets/inter-greek-wght-normal-CkhJZR-_.woff2          18.99 kB
dist/assets/inter-cyrillic-ext-wght-normal-BOeWTOD4.woff2   25.96 kB
dist/assets/inter-latin-wght-normal-Dx4kXJAl.woff2          48.25 kB
dist/assets/inter-latin-ext-wght-normal-DO1Apj_S.woff2      85.06 kB
dist/assets/index-CUMW6tuy.css                             174.05 kB │ gzip:  28.58 kB
dist/assets/rotate-ccw-CFKJ_oTm.js                           0.23 kB │ gzip:   0.21 kB │ map:     0.88 kB
dist/assets/history-B7pCHep9.js                              0.27 kB │ gzip:   0.22 kB │ map:     0.97 kB
dist/assets/jsx-runtime-CdvZGgm7.js                          7.80 kB │ gzip:   3.02 kB │ map:    16.70 kB
dist/assets/BalanceImportPanel-DQ3eISwD.js                   9.51 kB │ gzip:   3.33 kB │ map:    25.18 kB
dist/assets/TransactionImportPanel-CBPrdHRM.js              10.04 kB │ gzip:   3.42 kB │ map:    26.41 kB
dist/assets/PlanningWorkspace-Cn4N5stv.js                   14.20 kB │ gzip:   4.19 kB │ map:    42.25 kB
dist/assets/papaparse.min-p-jX052j.js                       20.09 kB │ gzip:   7.45 kB │ map:    46.10 kB
dist/assets/CalculatorLibrary-CSX2RXSt.js                  316.32 kB │ gzip:  84.28 kB │ map:   775.21 kB
dist/assets/ProjectionChart-D83yc28-.js                    347.89 kB │ gzip: 102.40 kB │ map: 1,758.79 kB
dist/assets/index-TEZDEFo2.js                              523.44 kB │ gzip: 143.60 kB │ map: 1,607.86 kB

✓ built in 1.22s
[plugin builtin:vite-reporter] 
(!) Some chunks are larger than 500 kB after minification. Consider:
- Using dynamic import() to code-split the application
- Use build.rolldownOptions.output.codeSplitting to improve chunking: https://rolldown.rs/reference/OutputOptions.codeSplitting
- Adjust chunk size limit for this warning via build.chunkSizeWarningLimit.
