✔ fails before running any stage when python3 is missing (20.391334ms)
✔ fails before running any stage when node is missing (25.859333ms)
✔ fails before running any stage when npm is missing (18.67825ms)
✔ runs every verification stage in order (918.639833ms)
✔ stops and preserves failure status from node --test scripts/test_all.test.mjs (219.552333ms)
✔ stops and preserves failure status from python3 -m compileall -q app.py project tests (318.309667ms)
✔ stops and preserves failure status from python3 -m pytest -q (322.444459ms)
✔ stops and preserves failure status from npm run typecheck (517.421167ms)
✔ stops and preserves failure status from npm test (424.421625ms)
✔ stops and preserves failure status from npm run build (503.246ms)
✔ installs missing dependencies from the lockfile (536.659917ms)
✔ does not run frontend verification after a failed install (502.100292ms)
✔ uses the repository virtualenv even without system Python (524.46575ms)
ℹ tests 13
ℹ suites 0
ℹ pass 13
ℹ fail 0
ℹ cancelled 0
ℹ skipped 0
ℹ todo 0
ℹ duration_ms 4916.217292
................................................... [ 64%]
............................                                             [100%]
79 passed, 21 subtests passed in 3.08s

> interactive-fire-calculator@2.0.0 typecheck
> tsc --noEmit


> interactive-fire-calculator@2.0.0 test
> vitest run


 RUN  v4.1.11 /Users/Rakesh/Projects/Interactive-FIRE-Calculator


 Test Files  27 passed (27)
      Tests  1276 passed (1276)
   Start at  18:06:53
   Duration  4.88s (transform 1.45s, setup 0ms, import 3.16s, tests 1.74s, environment 23.91s)


> interactive-fire-calculator@2.0.0 build
> tsc -b && vite build

vite v8.0.16 building client environment for production...
[2Ktransforming...✓ 2403 modules transformed.
rendering chunks...
computing gzip size...
dist/index.html                                              0.85 kB │ gzip:   0.47 kB
dist/assets/inter-vietnamese-wght-normal-CBcvBZtf.woff2     10.25 kB
dist/assets/inter-greek-ext-wght-normal-DlzME5K_.woff2      11.23 kB
dist/assets/inter-cyrillic-wght-normal-DqGufNeO.woff2       18.74 kB
dist/assets/inter-greek-wght-normal-CkhJZR-_.woff2          18.99 kB
dist/assets/inter-cyrillic-ext-wght-normal-BOeWTOD4.woff2   25.96 kB
dist/assets/inter-latin-wght-normal-Dx4kXJAl.woff2          48.25 kB
dist/assets/inter-latin-ext-wght-normal-DO1Apj_S.woff2      85.06 kB
dist/assets/index-d-Ki1w79.css                             167.03 kB │ gzip:  27.54 kB
dist/assets/rotate-ccw-DOUDcOJP.js                           0.23 kB │ gzip:   0.21 kB │ map:     0.88 kB
dist/assets/history-BxZOn_jQ.js                              0.27 kB │ gzip:   0.22 kB │ map:     0.97 kB
dist/assets/jsx-runtime-CdvZGgm7.js                          7.80 kB │ gzip:   3.02 kB │ map:    16.70 kB
dist/assets/BalanceImportPanel-LwyxUWiK.js                   9.51 kB │ gzip:   3.33 kB │ map:    25.18 kB
dist/assets/TransactionImportPanel-DHfpm8g7.js              10.04 kB │ gzip:   3.42 kB │ map:    26.41 kB
dist/assets/PlanningWorkspace-0uzqqUBv.js                   14.20 kB │ gzip:   4.19 kB │ map:    42.25 kB
dist/assets/papaparse.min-LpjX24w0.js                       20.09 kB │ gzip:   7.45 kB │ map:    46.10 kB
dist/assets/CalculatorLibrary-q8kQeexz.js                  313.23 kB │ gzip:  83.55 kB │ map:   769.37 kB
dist/assets/ProjectionChart-Di4-s8Gs.js                    347.89 kB │ gzip: 102.40 kB │ map: 1,758.79 kB
dist/assets/index-BKWcucgg.js                              513.78 kB │ gzip: 140.98 kB │ map: 1,577.43 kB

✓ built in 533ms
