✔ fails before running any stage when python3 is missing (24.1915ms)
✔ fails before running any stage when node is missing (14.248208ms)
✔ fails before running any stage when npm is missing (18.914208ms)
✔ runs every verification stage in order (920.275917ms)
✔ stops and preserves failure status from node --test scripts/test_all.test.mjs (170.286ms)
✔ stops and preserves failure status from python3 -m compileall -q app.py project tests (322.996958ms)
✔ stops and preserves failure status from python3 -m pytest -q (341.614375ms)
✔ stops and preserves failure status from npm run typecheck (504.410292ms)
✔ stops and preserves failure status from npm test (532.308209ms)
✔ stops and preserves failure status from npm run build (520.336833ms)
✔ installs missing dependencies from the lockfile (533.02375ms)
✔ does not run frontend verification after a failed install (501.193834ms)
✔ uses the repository virtualenv even without system Python (631.592792ms)
ℹ tests 13
ℹ suites 0
ℹ pass 13
ℹ fail 0
ℹ cancelled 0
ℹ skipped 0
ℹ todo 0
ℹ duration_ms 5103.3735
................................................... [ 64%]
............................                                             [100%]
79 passed, 21 subtests passed in 2.62s

> interactive-fire-calculator@2.0.0 typecheck
> tsc --noEmit


> interactive-fire-calculator@2.0.0 test
> vitest run


 RUN  v4.1.11 /Users/Rakesh/Projects/Interactive-FIRE-Calculator


 Test Files  27 passed (27)
      Tests  1276 passed (1276)
   Start at  17:46:02
   Duration  5.16s (transform 1.33s, setup 0ms, import 3.15s, tests 1.93s, environment 25.57s)


> interactive-fire-calculator@2.0.0 build
> tsc -b && vite build

vite v8.0.16 building client environment for production...
[2Ktransforming...✓ 2403 modules transformed.
rendering chunks...
computing gzip size...
dist/index.html                                              0.85 kB │ gzip:   0.47 kB
dist/assets/inter-vietnamese-wght-normal-CBcvBZtf.woff2     10.25 kB
dist/assets/inter-greek-ext-wght-normal-DlzME5K_.woff2      11.23 kB
dist/assets/inter-cyrillic-wght-normal-DqGufNeO.woff2       18.74 kB
dist/assets/inter-greek-wght-normal-CkhJZR-_.woff2          18.99 kB
dist/assets/inter-cyrillic-ext-wght-normal-BOeWTOD4.woff2   25.96 kB
dist/assets/inter-latin-wght-normal-Dx4kXJAl.woff2          48.25 kB
dist/assets/inter-latin-ext-wght-normal-DO1Apj_S.woff2      85.06 kB
dist/assets/index-EbsGuqyt.css                             165.23 kB │ gzip:  27.29 kB
dist/assets/rotate-ccw-Dt7AWyBg.js                           0.23 kB │ gzip:   0.21 kB │ map:     0.88 kB
dist/assets/history-QGNspwVA.js                              0.27 kB │ gzip:   0.22 kB │ map:     0.97 kB
dist/assets/jsx-runtime-CdvZGgm7.js                          7.80 kB │ gzip:   3.02 kB │ map:    16.70 kB
dist/assets/BalanceImportPanel-bher22YS.js                   9.51 kB │ gzip:   3.33 kB │ map:    25.18 kB
dist/assets/TransactionImportPanel-CU27CIqu.js              10.04 kB │ gzip:   3.42 kB │ map:    26.41 kB
dist/assets/PlanningWorkspace-C_1-uOd8.js                   14.20 kB │ gzip:   4.19 kB │ map:    42.25 kB
dist/assets/papaparse.min-CrRLQs9A.js                       20.09 kB │ gzip:   7.45 kB │ map:    46.10 kB
dist/assets/CalculatorLibrary-BSkJgfYi.js                  313.23 kB │ gzip:  83.55 kB │ map:   769.37 kB
dist/assets/ProjectionChart-CLbecjlt.js                    347.89 kB │ gzip: 102.40 kB │ map: 1,758.79 kB
dist/assets/index-v9bys7gW.js                              513.78 kB │ gzip: 140.97 kB │ map: 1,577.43 kB

✓ built in 678ms
[plugin builtin:vite-reporter] 
(!) Some chunks are larger than 500 kB after minification. Consider:
- Using dynamic import() to code-split the application
- Use build.rolldownOptions.output.codeSplitting to improve chunking: https://rolldown.rs/reference/OutputOptions.codeSplitting
- Adjust chunk size limit for this warning via build.chunkSizeWarningLimit.
