✔ fails before running any stage when python3 is missing (16.542958ms)
✔ fails before running any stage when node is missing (17.897ms)
✔ fails before running any stage when npm is missing (13.929208ms)
✔ runs every verification stage in order (565.434917ms)
✔ stops and preserves failure status from node --test scripts/test_all.test.mjs (166.211583ms)
✔ stops and preserves failure status from python3 -m compileall -q app.py project tests (327.261833ms)
✔ stops and preserves failure status from python3 -m pytest -q (338.918834ms)
✔ stops and preserves failure status from npm run typecheck (520.646917ms)
✔ stops and preserves failure status from npm test (528.981416ms)
✔ stops and preserves failure status from npm run build (538.16775ms)
✔ installs missing dependencies from the lockfile (557.526208ms)
✔ does not run frontend verification after a failed install (494.214ms)
✔ uses the repository virtualenv even without system Python (553.650042ms)
ℹ tests 13
ℹ suites 0
ℹ pass 13
ℹ fail 0
ℹ cancelled 0
ℹ skipped 0
ℹ todo 0
ℹ duration_ms 4704.481291
................................................... [ 64%]
............................                                             [100%]
79 passed, 21 subtests passed in 0.87s

> interactive-fire-calculator@2.0.0 typecheck
> tsc --noEmit


> interactive-fire-calculator@2.0.0 test
> vitest run


[1m[30m[46m RUN [49m[39m[22m [36mv4.1.11 [39m[90m/Users/Rakesh/Projects/Interactive-FIRE-Calculator[39m

 [32m✓[39m src/lib/calculatorEngagement.test.ts [2m([22m[2m167 tests[22m[2m)[22m[32m 59[2mms[22m[39m
 [32m✓[39m src/lib/calculatorContent.test.ts [2m([22m[2m84 tests[22m[2m)[22m[32m 140[2mms[22m[39m
 [32m✓[39m src/lib/savingsGoalCalculator.test.ts [2m([22m[2m18 tests[22m[2m)[22m[33m 307[2mms[22m[39m
 [32m✓[39m src/CompoundInterestCalculator.test.tsx [2m([22m[2m9 tests[22m[2m)[22m[32m 133[2mms[22m[39m
 [32m✓[39m src/lib/calculatorStudios.test.ts [2m([22m[2m354 tests[22m[2m)[22m[33m 510[2mms[22m[39m
 [32m✓[39m src/CashflowPlanningCalculator.test.tsx [2m([22m[2m10 tests[22m[2m)[22m[32m 260[2mms[22m[39m
 [32m✓[39m src/SavingsGoalCalculator.test.tsx [2m([22m[2m9 tests[22m[2m)[22m[33m 417[2mms[22m[39m
 [32m✓[39m src/lib/compoundInterestCalculator.test.ts [2m([22m[2m50 tests[22m[2m)[22m[32m 50[2mms[22m[39m
 [32m✓[39m src/lib/seoCalculators.test.ts [2m([22m[2m287 tests[22m[2m)[22m[32m 36[2mms[22m[39m
 [32m✓[39m src/lib/routeMetadata.test.ts [2m([22m[2m86 tests[22m[2m)[22m[32m 59[2mms[22m[39m
 [32m✓[39m src/lib/transactionAnalytics.test.ts [2m([22m[2m5 tests[22m[2m)[22m[32m 14[2mms[22m[39m
 [32m✓[39m src/lib/calculatorToolkits.test.ts [2m([22m[2m92 tests[22m[2m)[22m[32m 11[2mms[22m[39m
 [32m✓[39m src/lib/insights.test.ts [2m([22m[2m8 tests[22m[2m)[22m[32m 32[2mms[22m[39m
 [32m✓[39m src/lib/fire.test.ts [2m([22m[2m15 tests[22m[2m)[22m[32m 12[2mms[22m[39m
 [32m✓[39m src/lib/planHealth.test.ts [2m([22m[2m5 tests[22m[2m)[22m[32m 9[2mms[22m[39m
 [32m✓[39m src/goals.test.ts [2m([22m[2m8 tests[22m[2m)[22m[32m 7[2mms[22m[39m
 [32m✓[39m src/calculatorResults.test.ts [2m([22m[2m13 tests[22m[2m)[22m[32m 11[2mms[22m[39m
 [32m✓[39m src/lib/cashflowPlanningCalculators.test.ts [2m([22m[2m24 tests[22m[2m)[22m[32m 7[2mms[22m[39m
 [32m✓[39m src/lib/planWorkspace.test.ts [2m([22m[2m6 tests[22m[2m)[22m[32m 4[2mms[22m[39m
 [32m✓[39m src/accounts.test.ts [2m([22m[2m8 tests[22m[2m)[22m[32m 7[2mms[22m[39m
 [32m✓[39m src/balanceImports.test.ts [2m([22m[2m7 tests[22m[2m)[22m[32m 4[2mms[22m[39m
 [32m✓[39m src/lib/balanceCsv.test.ts [2m([22m[2m4 tests[22m[2m)[22m[32m 4[2mms[22m[39m
 [32m✓[39m src/lib/transactionCsv.test.ts [2m([22m[2m4 tests[22m[2m)[22m[32m 5[2mms[22m[39m
 [32m✓[39m src/transactionImports.test.ts [2m([22m[2m6 tests[22m[2m)[22m[32m 6[2mms[22m[39m
 [32m✓[39m src/accountData.test.ts [2m([22m[2m3 tests[22m[2m)[22m[32m 4[2mms[22m[39m
 [32m✓[39m src/lib/navigation.test.ts [2m([22m[2m7 tests[22m[2m)[22m[32m 3[2mms[22m[39m
 [32m✓[39m src/transactions.test.ts [2m([22m[2m4 tests[22m[2m)[22m[32m 3[2mms[22m[39m
 [32m✓[39m src/firePlans.test.ts [2m([22m[2m4 tests[22m[2m)[22m[32m 3[2mms[22m[39m

[2m Test Files [22m [1m[32m28 passed[39m[22m[90m (28)[39m
[2m      Tests [22m [1m[32m1297 passed[39m[22m[90m (1297)[39m
[2m   Start at [22m 00:59:37
[2m   Duration [22m 5.34s[2m (transform 1.97s, setup 0ms, import 4.16s, tests 2.12s, environment 25.04s)[22m


> interactive-fire-calculator@2.0.0 build
> tsc -b && vite build

vite v8.0.16 building client environment for production...
[2Ktransforming...✓ 2403 modules transformed.
rendering chunks...
computing gzip size...
dist/index.html                                              0.85 kB │ gzip:   0.47 kB
dist/assets/inter-vietnamese-wght-normal-CBcvBZtf.woff2     10.25 kB
dist/assets/inter-greek-ext-wght-normal-DlzME5K_.woff2      11.23 kB
dist/assets/inter-cyrillic-wght-normal-DqGufNeO.woff2       18.74 kB
dist/assets/inter-greek-wght-normal-CkhJZR-_.woff2          18.99 kB
dist/assets/inter-cyrillic-ext-wght-normal-BOeWTOD4.woff2   25.96 kB
dist/assets/inter-latin-wght-normal-Dx4kXJAl.woff2          48.25 kB
dist/assets/inter-latin-ext-wght-normal-DO1Apj_S.woff2      85.06 kB
dist/assets/index-B1zU0TSC.css                             168.33 kB │ gzip:  27.68 kB
dist/assets/rotate-ccw-Mk0-W7Af.js                           0.23 kB │ gzip:   0.21 kB │ map:     0.88 kB
dist/assets/history-CgkWRr77.js                              0.27 kB │ gzip:   0.22 kB │ map:     0.97 kB
dist/assets/jsx-runtime-CdvZGgm7.js                          7.80 kB │ gzip:   3.02 kB │ map:    16.70 kB
dist/assets/BalanceImportPanel-iTyO2Yn8.js                   9.51 kB │ gzip:   3.33 kB │ map:    25.18 kB
dist/assets/TransactionImportPanel-DqvEwpDy.js              10.04 kB │ gzip:   3.42 kB │ map:    26.41 kB
dist/assets/PlanningWorkspace-pCMD7FAB.js                   14.20 kB │ gzip:   4.19 kB │ map:    42.25 kB
dist/assets/papaparse.min-wq90ntbk.js                       20.09 kB │ gzip:   7.44 kB │ map:    46.10 kB
dist/assets/CalculatorLibrary-LLmGAF2C.js                  313.23 kB │ gzip:  83.54 kB │ map:   769.37 kB
dist/assets/ProjectionChart-C7gW2lAV.js                    347.89 kB │ gzip: 102.40 kB │ map: 1,758.79 kB
dist/assets/index-mJSMmAEt.js                              516.65 kB │ gzip: 141.72 kB │ map: 1,586.03 kB

✓ built in 1.20s
[plugin builtin:vite-reporter] 
(!) Some chunks are larger than 500 kB after minification. Consider:
- Using dynamic import() to code-split the application
- Use build.rolldownOptions.output.codeSplitting to improve chunking: https://rolldown.rs/reference/OutputOptions.codeSplitting
- Adjust chunk size limit for this warning via build.chunkSizeWarningLimit.
