✔ fails before running any stage when python3 is missing (16.094666ms)
✔ fails before running any stage when node is missing (14.248166ms)
✔ fails before running any stage when npm is missing (13.684084ms)
✔ runs every verification stage in order (638.164792ms)
✔ stops and preserves failure status from node --test scripts/test_all.test.mjs (158.761666ms)
✔ stops and preserves failure status from python3 -m compileall -q app.py project tests (344.428708ms)
✔ stops and preserves failure status from python3 -m pytest -q (315.848583ms)
✔ stops and preserves failure status from npm run typecheck (496.673459ms)
✔ stops and preserves failure status from npm test (533.546667ms)
✔ stops and preserves failure status from npm run build (532.659667ms)
✔ installs missing dependencies from the lockfile (535.42375ms)
✔ does not run frontend verification after a failed install (504.511583ms)
✔ uses the repository virtualenv even without system Python (536.673791ms)
ℹ tests 13
ℹ suites 0
ℹ pass 13
ℹ fail 0
ℹ cancelled 0
ℹ skipped 0
ℹ todo 0
ℹ duration_ms 4704.367917
................................................... [ 64%]
............................                                             [100%]
79 passed, 21 subtests passed in 1.46s

> interactive-fire-calculator@2.0.0 typecheck
> tsc --noEmit


> interactive-fire-calculator@2.0.0 test
> vitest run


 RUN  v4.1.11 /Users/Rakesh/Projects/Interactive-FIRE-Calculator

(node:13058) ExperimentalWarning: SQLite is an experimental feature and might change at any time
(Use `node --trace-warnings ...` to show where the warning was created)

 Test Files  39 passed (39)
      Tests  1548 passed (1548)
   Start at  14:33:14
   Duration  7.44s (transform 2.42s, setup 0ms, import 5.93s, tests 5.46s, environment 32.59s)


> interactive-fire-calculator@2.0.0 build
> tsc -b && vite build

vite v8.0.16 building client environment for production...
[2Ktransforming...✓ 2406 modules transformed.
rendering chunks...
computing gzip size...
dist/index.html                                              0.85 kB │ gzip:   0.47 kB
dist/assets/inter-vietnamese-wght-normal-CBcvBZtf.woff2     10.25 kB
dist/assets/inter-greek-ext-wght-normal-DlzME5K_.woff2      11.23 kB
dist/assets/inter-cyrillic-wght-normal-DqGufNeO.woff2       18.74 kB
dist/assets/inter-greek-wght-normal-CkhJZR-_.woff2          18.99 kB
dist/assets/inter-cyrillic-ext-wght-normal-BOeWTOD4.woff2   25.96 kB
dist/assets/inter-latin-wght-normal-Dx4kXJAl.woff2          48.25 kB
dist/assets/inter-latin-ext-wght-normal-DO1Apj_S.woff2      85.06 kB
dist/assets/index-T9BUpkE0.css                             179.66 kB │ gzip:  29.51 kB
dist/assets/history-DLpvRikl.js                              0.27 kB │ gzip:   0.22 kB │ map:     0.97 kB
dist/assets/jsx-runtime-CdvZGgm7.js                          7.80 kB │ gzip:   3.02 kB │ map:    16.70 kB
dist/assets/BalanceImportPanel-C7hl087X.js                   9.47 kB │ gzip:   3.32 kB │ map:    25.18 kB
dist/assets/TransactionImportPanel-Cv_tT_Lh.js              10.00 kB │ gzip:   3.40 kB │ map:    26.41 kB
dist/assets/PlanningWorkspace-BDtjW8ej.js                   14.16 kB │ gzip:   4.17 kB │ map:    42.25 kB
dist/assets/papaparse.min-ojB-S4nl.js                       20.09 kB │ gzip:   7.44 kB │ map:    46.10 kB
dist/assets/CalculatorLibrary-ia4ARl95.js                  318.54 kB │ gzip:  85.18 kB │ map:   784.15 kB
dist/assets/ProjectionChart-DZa3_hGt.js                    347.89 kB │ gzip: 102.40 kB │ map: 1,758.79 kB
dist/assets/index-C2rJbcH8.js                              527.04 kB │ gzip: 144.87 kB │ map: 1,619.42 kB

✓ built in 655ms
[plugin builtin:vite-reporter] 
(!) Some chunks are larger than 500 kB after minification. Consider:
- Using dynamic import() to code-split the application
- Use build.rolldownOptions.output.codeSplitting to improve chunking: https://rolldown.rs/reference/OutputOptions.codeSplitting
- Adjust chunk size limit for this warning via build.chunkSizeWarningLimit.
