✔ fails before running any stage when python3 is missing (26.493625ms)
✔ fails before running any stage when node is missing (27.453209ms)
✔ fails before running any stage when npm is missing (16.503667ms)
✔ runs every verification stage in order (921.244542ms)
✔ stops and preserves failure status from node --test scripts/test_all.test.mjs (166.680084ms)
✔ stops and preserves failure status from python3 -m compileall -q app.py project tests (407.653625ms)
✔ stops and preserves failure status from python3 -m pytest -q (355.500292ms)
✔ stops and preserves failure status from npm run typecheck (509.365959ms)
✔ stops and preserves failure status from npm test (532.535458ms)
✔ stops and preserves failure status from npm run build (538.884ms)
✔ installs missing dependencies from the lockfile (533.016334ms)
✔ does not run frontend verification after a failed install (493.158875ms)
✔ uses the repository virtualenv even without system Python (602.753417ms)
ℹ tests 13
ℹ suites 0
ℹ pass 13
ℹ fail 0
ℹ cancelled 0
ℹ skipped 0
ℹ todo 0
ℹ duration_ms 5195.362375
................................................... [ 64%]
............................                                             [100%]
79 passed, 21 subtests passed in 2.40s

> interactive-fire-calculator@2.0.0 typecheck
> tsc --noEmit


> interactive-fire-calculator@2.0.0 test
> vitest run


 RUN  v4.1.11 /Users/Rakesh/Projects/Interactive-FIRE-Calculator

(node:70255) ExperimentalWarning: SQLite is an experimental feature and might change at any time
(Use `node --trace-warnings ...` to show where the warning was created)

 Test Files  38 passed (38)
      Tests  1536 passed (1536)
   Start at  01:35:42
   Duration  14.85s (transform 4.96s, setup 0ms, import 10.82s, tests 11.20s, environment 64.96s)


> interactive-fire-calculator@2.0.0 build
> tsc -b && vite build

vite v8.0.16 building client environment for production...
[2Ktransforming...✓ 2406 modules transformed.
rendering chunks...
computing gzip size...
dist/index.html                                              0.85 kB │ gzip:   0.47 kB
dist/assets/inter-vietnamese-wght-normal-CBcvBZtf.woff2     10.25 kB
dist/assets/inter-greek-ext-wght-normal-DlzME5K_.woff2      11.23 kB
dist/assets/inter-cyrillic-wght-normal-DqGufNeO.woff2       18.74 kB
dist/assets/inter-greek-wght-normal-CkhJZR-_.woff2          18.99 kB
dist/assets/inter-cyrillic-ext-wght-normal-BOeWTOD4.woff2   25.96 kB
dist/assets/inter-latin-wght-normal-Dx4kXJAl.woff2          48.25 kB
dist/assets/inter-latin-ext-wght-normal-DO1Apj_S.woff2      85.06 kB
dist/assets/index-ChFGwZyJ.css                             178.54 kB │ gzip:  29.32 kB
dist/assets/rotate-ccw-CNrNK54y.js                           0.23 kB │ gzip:   0.21 kB │ map:     0.88 kB
dist/assets/history-DaMjHehX.js                              0.27 kB │ gzip:   0.22 kB │ map:     0.97 kB
dist/assets/jsx-runtime-CdvZGgm7.js                          7.80 kB │ gzip:   3.02 kB │ map:    16.70 kB
dist/assets/BalanceImportPanel-C1zP4jeW.js                   9.51 kB │ gzip:   3.34 kB │ map:    25.18 kB
dist/assets/TransactionImportPanel-DPdD_ght.js              10.04 kB │ gzip:   3.42 kB │ map:    26.41 kB
dist/assets/PlanningWorkspace-BxFtdD2i.js                   14.19 kB │ gzip:   4.19 kB │ map:    42.25 kB
dist/assets/papaparse.min-De2QDK9b.js                       20.09 kB │ gzip:   7.45 kB │ map:    46.10 kB
dist/assets/CalculatorLibrary-ClqHadXw.js                  319.75 kB │ gzip:  85.33 kB │ map:   786.45 kB
dist/assets/ProjectionChart-BthZmYgY.js                    347.89 kB │ gzip: 102.39 kB │ map: 1,758.79 kB
dist/assets/index-BLzZDCb_.js                              525.04 kB │ gzip: 144.06 kB │ map: 1,611.92 kB

✓ built in 1.19s
[plugin builtin:vite-reporter] 
(!) Some chunks are larger than 500 kB after minification. Consider:
- Using dynamic import() to code-split the application
- Use build.rolldownOptions.output.codeSplitting to improve chunking: https://rolldown.rs/reference/OutputOptions.codeSplitting
- Adjust chunk size limit for this warning via build.chunkSizeWarningLimit.
