✔ fails before running any stage when python3 is missing (22.875333ms)
✔ fails before running any stage when node is missing (16.228375ms)
✔ fails before running any stage when npm is missing (19.541666ms)
✔ runs every verification stage in order (1095.40525ms)
✔ stops and preserves failure status from node --test scripts/test_all.test.mjs (261.596542ms)
✔ stops and preserves failure status from python3 -m compileall -q app.py project tests (333.966416ms)
✔ stops and preserves failure status from python3 -m pytest -q (328.831458ms)
✔ stops and preserves failure status from npm run typecheck (521.553625ms)
✔ stops and preserves failure status from npm test (549.817208ms)
✔ stops and preserves failure status from npm run build (566.512375ms)
✔ installs missing dependencies from the lockfile (504.443791ms)
✔ does not run frontend verification after a failed install (495.066041ms)
✔ uses the repository virtualenv even without system Python (592.812958ms)
ℹ tests 13
ℹ suites 0
ℹ pass 13
ℹ fail 0
ℹ cancelled 0
ℹ skipped 0
ℹ todo 0
ℹ duration_ms 5367.506375
................................................... [ 64%]
............................                                             [100%]
79 passed, 21 subtests passed in 2.45s

> interactive-fire-calculator@2.0.0 typecheck
> tsc --noEmit


> interactive-fire-calculator@2.0.0 test
> vitest run


 RUN  v4.1.11 /Users/Rakesh/Projects/Interactive-FIRE-Calculator


 Test Files  35 passed (35)
      Tests  1510 passed (1510)
   Start at  19:36:46
   Duration  6.57s (transform 2.62s, setup 0ms, import 5.18s, tests 2.90s, environment 30.47s)


> interactive-fire-calculator@2.0.0 build
> tsc -b && vite build

vite v8.0.16 building client environment for production...
[2Ktransforming...✓ 2406 modules transformed.
rendering chunks...
computing gzip size...
dist/index.html                                              0.85 kB │ gzip:   0.46 kB
dist/assets/inter-vietnamese-wght-normal-CBcvBZtf.woff2     10.25 kB
dist/assets/inter-greek-ext-wght-normal-DlzME5K_.woff2      11.23 kB
dist/assets/inter-cyrillic-wght-normal-DqGufNeO.woff2       18.74 kB
dist/assets/inter-greek-wght-normal-CkhJZR-_.woff2          18.99 kB
dist/assets/inter-cyrillic-ext-wght-normal-BOeWTOD4.woff2   25.96 kB
dist/assets/inter-latin-wght-normal-Dx4kXJAl.woff2          48.25 kB
dist/assets/inter-latin-ext-wght-normal-DO1Apj_S.woff2      85.06 kB
dist/assets/index-IT8dsfps.css                             174.26 kB │ gzip:  28.61 kB
dist/assets/rotate-ccw-CP_XCHRN.js                           0.23 kB │ gzip:   0.21 kB │ map:     0.88 kB
dist/assets/history-rb613eLN.js                              0.27 kB │ gzip:   0.22 kB │ map:     0.97 kB
dist/assets/jsx-runtime-CdvZGgm7.js                          7.80 kB │ gzip:   3.02 kB │ map:    16.70 kB
dist/assets/BalanceImportPanel-BccG6Cf1.js                   9.51 kB │ gzip:   3.33 kB │ map:    25.18 kB
dist/assets/TransactionImportPanel-DdkwiWiq.js              10.04 kB │ gzip:   3.42 kB │ map:    26.41 kB
dist/assets/PlanningWorkspace-D1XmEpvi.js                   14.20 kB │ gzip:   4.19 kB │ map:    42.25 kB
dist/assets/papaparse.min-CIospbAC.js                       20.09 kB │ gzip:   7.44 kB │ map:    46.10 kB
dist/assets/CalculatorLibrary-BIAPD1Et.js                  316.32 kB │ gzip:  84.28 kB │ map:   775.21 kB
dist/assets/ProjectionChart-BxjDYC36.js                    347.89 kB │ gzip: 102.39 kB │ map: 1,758.79 kB
dist/assets/index-aTqE4G0r.js                              525.01 kB │ gzip: 144.03 kB │ map: 1,611.45 kB

✓ built in 546ms
