✔ fails before running any stage when python3 is missing (16.781667ms)
✔ fails before running any stage when node is missing (13.050333ms)
✔ fails before running any stage when npm is missing (14.572458ms)
✔ runs every verification stage in order (936.554833ms)
✔ stops and preserves failure status from node --test scripts/test_all.test.mjs (182.748375ms)
✔ stops and preserves failure status from python3 -m compileall -q app.py project tests (353.791334ms)
✔ stops and preserves failure status from python3 -m pytest -q (369.127375ms)
✔ stops and preserves failure status from npm run typecheck (536.699375ms)
✔ stops and preserves failure status from npm test (520.911917ms)
✔ stops and preserves failure status from npm run build (522.581834ms)
✔ installs missing dependencies from the lockfile (543.161708ms)
✔ does not run frontend verification after a failed install (485.375834ms)
✔ uses the repository virtualenv even without system Python (698.393834ms)
ℹ tests 13
ℹ suites 0
ℹ pass 13
ℹ fail 0
ℹ cancelled 0
ℹ skipped 0
ℹ todo 0
ℹ duration_ms 5265.442917
................................................... [ 64%]
............................                                             [100%]
79 passed, 21 subtests passed in 1.45s

> interactive-fire-calculator@2.0.0 typecheck
> tsc --noEmit


> interactive-fire-calculator@2.0.0 test
> vitest run


 RUN  v4.1.11 /Users/Rakesh/Projects/Interactive-FIRE-Calculator

(node:19174) ExperimentalWarning: SQLite is an experimental feature and might change at any time
(Use `node --trace-warnings ...` to show where the warning was created)

 Test Files  30 passed (30)
      Tests  1325 passed (1325)
   Start at  05:46:43
   Duration  6.57s (transform 2.24s, setup 0ms, import 4.10s, tests 2.78s, environment 29.28s)


> interactive-fire-calculator@2.0.0 build
> tsc -b && vite build

vite v8.0.16 building client environment for production...
[2Ktransforming...✓ 2404 modules transformed.
rendering chunks...
computing gzip size...
dist/index.html                                              0.85 kB │ gzip:   0.47 kB
dist/assets/inter-vietnamese-wght-normal-CBcvBZtf.woff2     10.25 kB
dist/assets/inter-greek-ext-wght-normal-DlzME5K_.woff2      11.23 kB
dist/assets/inter-cyrillic-wght-normal-DqGufNeO.woff2       18.74 kB
dist/assets/inter-greek-wght-normal-CkhJZR-_.woff2          18.99 kB
dist/assets/inter-cyrillic-ext-wght-normal-BOeWTOD4.woff2   25.96 kB
dist/assets/inter-latin-wght-normal-Dx4kXJAl.woff2          48.25 kB
dist/assets/inter-latin-ext-wght-normal-DO1Apj_S.woff2      85.06 kB
dist/assets/index-NeG_bfQV.css                             168.28 kB │ gzip:  27.67 kB
dist/assets/rotate-ccw-_pFy03bS.js                           0.23 kB │ gzip:   0.21 kB │ map:     0.88 kB
dist/assets/history-DAsiobxN.js                              0.27 kB │ gzip:   0.22 kB │ map:     0.97 kB
dist/assets/jsx-runtime-CdvZGgm7.js                          7.80 kB │ gzip:   3.02 kB │ map:    16.70 kB
dist/assets/BalanceImportPanel-CRux7cys.js                   9.51 kB │ gzip:   3.33 kB │ map:    25.18 kB
dist/assets/TransactionImportPanel-C1JKxuhC.js              10.04 kB │ gzip:   3.42 kB │ map:    26.41 kB
dist/assets/PlanningWorkspace-Dnb-arH9.js                   14.20 kB │ gzip:   4.18 kB │ map:    42.25 kB
dist/assets/papaparse.min-CBALi9Zx.js                       20.09 kB │ gzip:   7.45 kB │ map:    46.10 kB
dist/assets/CalculatorLibrary-DeVIxmZ5.js                  313.23 kB │ gzip:  83.54 kB │ map:   769.37 kB
dist/assets/ProjectionChart-Bjeg9GKA.js                    347.89 kB │ gzip: 102.40 kB │ map: 1,758.79 kB
dist/assets/index-Bt_2EOfa.js                              519.50 kB │ gzip: 142.61 kB │ map: 1,595.57 kB

✓ built in 638ms
[plugin builtin:vite-reporter] 
(!) Some chunks are larger than 500 kB after minification. Consider:
- Using dynamic import() to code-split the application
- Use build.rolldownOptions.output.codeSplitting to improve chunking: https://rolldown.rs/reference/OutputOptions.codeSplitting
- Adjust chunk size limit for this warning via build.chunkSizeWarningLimit.
