TAP version 13
# Subtest: fails before running any stage when python3 is missing
ok 1 - fails before running any stage when python3 is missing
  ---
  duration_ms: 14.750375
  type: 'test'
  ...
# Subtest: fails before running any stage when node is missing
ok 2 - fails before running any stage when node is missing
  ---
  duration_ms: 14.924291
  type: 'test'
  ...
# Subtest: fails before running any stage when npm is missing
ok 3 - fails before running any stage when npm is missing
  ---
  duration_ms: 13.679959
  type: 'test'
  ...
# Subtest: runs every verification stage in order
ok 4 - runs every verification stage in order
  ---
  duration_ms: 931.188708
  type: 'test'
  ...
# Subtest: stops and preserves failure status from node --test scripts/test_all.test.mjs
ok 5 - stops and preserves failure status from node --test scripts/test_all.test.mjs
  ---
  duration_ms: 155.95025
  type: 'test'
  ...
# Subtest: stops and preserves failure status from python3 -m compileall -q app.py project tests
ok 6 - stops and preserves failure status from python3 -m compileall -q app.py project tests
  ---
  duration_ms: 306.11075
  type: 'test'
  ...
# Subtest: stops and preserves failure status from python3 -m pytest -q
ok 7 - stops and preserves failure status from python3 -m pytest -q
  ---
  duration_ms: 306.692
  type: 'test'
  ...
# Subtest: stops and preserves failure status from npm run typecheck
ok 8 - stops and preserves failure status from npm run typecheck
  ---
  duration_ms: 481.742167
  type: 'test'
  ...
# Subtest: stops and preserves failure status from npm test
ok 9 - stops and preserves failure status from npm test
  ---
  duration_ms: 548.269417
  type: 'test'
  ...
# Subtest: stops and preserves failure status from npm run build
ok 10 - stops and preserves failure status from npm run build
  ---
  duration_ms: 527.91975
  type: 'test'
  ...
# Subtest: installs missing dependencies from the lockfile
ok 11 - installs missing dependencies from the lockfile
  ---
  duration_ms: 532.287833
  type: 'test'
  ...
# Subtest: does not run frontend verification after a failed install
ok 12 - does not run frontend verification after a failed install
  ---
  duration_ms: 499.355
  type: 'test'
  ...
# Subtest: uses the repository virtualenv even without system Python
ok 13 - uses the repository virtualenv even without system Python
  ---
  duration_ms: 609.370917
  type: 'test'
  ...
1..13
# tests 13
# suites 0
# pass 13
# fail 0
# cancelled 0
# skipped 0
# todo 0
# duration_ms 5002.265917
................................................... [ 64%]
............................                                             [100%]
79 passed, 21 subtests passed in 2.84s

> interactive-fire-calculator@2.0.0 typecheck
> tsc --noEmit


> interactive-fire-calculator@2.0.0 test
> vitest run


 RUN  v4.1.11 /Users/Rakesh/Projects/Interactive-FIRE-Calculator

(node:20807) ExperimentalWarning: SQLite is an experimental feature and might change at any time
(Use `node --trace-warnings ...` to show where the warning was created)

 Test Files  30 passed (30)
      Tests  1325 passed (1325)
   Start at  05:53:23
   Duration  14.35s (transform 4.69s, setup 0ms, import 9.54s, tests 7.56s, environment 68.52s)


> interactive-fire-calculator@2.0.0 build
> tsc -b && vite build

vite v8.0.16 building client environment for production...
[2Ktransforming...✓ 2404 modules transformed.
rendering chunks...
computing gzip size...
dist/index.html                                              0.85 kB │ gzip:   0.47 kB
dist/assets/inter-vietnamese-wght-normal-CBcvBZtf.woff2     10.25 kB
dist/assets/inter-greek-ext-wght-normal-DlzME5K_.woff2      11.23 kB
dist/assets/inter-cyrillic-wght-normal-DqGufNeO.woff2       18.74 kB
dist/assets/inter-greek-wght-normal-CkhJZR-_.woff2          18.99 kB
dist/assets/inter-cyrillic-ext-wght-normal-BOeWTOD4.woff2   25.96 kB
dist/assets/inter-latin-wght-normal-Dx4kXJAl.woff2          48.25 kB
dist/assets/inter-latin-ext-wght-normal-DO1Apj_S.woff2      85.06 kB
dist/assets/index-NeG_bfQV.css                             168.28 kB │ gzip:  27.67 kB
dist/assets/rotate-ccw-_pFy03bS.js                           0.23 kB │ gzip:   0.21 kB │ map:     0.88 kB
dist/assets/history-DAsiobxN.js                              0.27 kB │ gzip:   0.22 kB │ map:     0.97 kB
dist/assets/jsx-runtime-CdvZGgm7.js                          7.80 kB │ gzip:   3.02 kB │ map:    16.70 kB
dist/assets/BalanceImportPanel-CRux7cys.js                   9.51 kB │ gzip:   3.33 kB │ map:    25.18 kB
dist/assets/TransactionImportPanel-C1JKxuhC.js              10.04 kB │ gzip:   3.42 kB │ map:    26.41 kB
dist/assets/PlanningWorkspace-Dnb-arH9.js                   14.20 kB │ gzip:   4.18 kB │ map:    42.25 kB
dist/assets/papaparse.min-CBALi9Zx.js                       20.09 kB │ gzip:   7.45 kB │ map:    46.10 kB
dist/assets/CalculatorLibrary-DeVIxmZ5.js                  313.23 kB │ gzip:  83.54 kB │ map:   769.37 kB
dist/assets/ProjectionChart-Bjeg9GKA.js                    347.89 kB │ gzip: 102.40 kB │ map: 1,758.79 kB
dist/assets/index-Bt_2EOfa.js                              519.50 kB │ gzip: 142.61 kB │ map: 1,595.57 kB

✓ built in 992ms
[plugin builtin:vite-reporter] 
(!) Some chunks are larger than 500 kB after minification. Consider:
- Using dynamic import() to code-split the application
- Use build.rolldownOptions.output.codeSplitting to improve chunking: https://rolldown.rs/reference/OutputOptions.codeSplitting
- Adjust chunk size limit for this warning via build.chunkSizeWarningLimit.
