✔ fails before running any stage when python3 is missing (15.456416ms)
✔ fails before running any stage when node is missing (13.612167ms)
✔ fails before running any stage when npm is missing (14.504041ms)
✔ runs every verification stage in order (961.791875ms)
✔ stops and preserves failure status from node --test scripts/test_all.test.mjs (175.007708ms)
✔ stops and preserves failure status from python3 -m compileall -q app.py project tests (315.539666ms)
✔ stops and preserves failure status from python3 -m pytest -q (364.39375ms)
✔ stops and preserves failure status from npm run typecheck (519.180375ms)
✔ stops and preserves failure status from npm test (540.557833ms)
✔ stops and preserves failure status from npm run build (518.4925ms)
✔ installs missing dependencies from the lockfile (538.687583ms)
✔ does not run frontend verification after a failed install (495.098292ms)
✔ uses the repository virtualenv even without system Python (628.824292ms)
ℹ tests 13
ℹ suites 0
ℹ pass 13
ℹ fail 0
ℹ cancelled 0
ℹ skipped 0
ℹ todo 0
ℹ duration_ms 5166.227792
................................................... [ 64%]
............................                                             [100%]
79 passed, 21 subtests passed in 2.47s

> interactive-fire-calculator@2.0.0 typecheck
> tsc --noEmit


> interactive-fire-calculator@2.0.0 test
> vitest run


 RUN  v4.1.11 /Users/Rakesh/Projects/Interactive-FIRE-Calculator

(node:9185) ExperimentalWarning: SQLite is an experimental feature and might change at any time
(Use `node --trace-warnings ...` to show where the warning was created)

 Test Files  28 passed (28)
      Tests  1306 passed (1306)
   Start at  01:31:33
   Duration  5.28s (transform 1.76s, setup 0ms, import 3.81s, tests 2.31s, environment 25.36s)


> interactive-fire-calculator@2.0.0 build
> tsc -b && vite build

vite v8.0.16 building client environment for production...
[2Ktransforming...✓ 2403 modules transformed.
rendering chunks...
computing gzip size...
dist/index.html                                              0.85 kB │ gzip:   0.47 kB
dist/assets/inter-vietnamese-wght-normal-CBcvBZtf.woff2     10.25 kB
dist/assets/inter-greek-ext-wght-normal-DlzME5K_.woff2      11.23 kB
dist/assets/inter-cyrillic-wght-normal-DqGufNeO.woff2       18.74 kB
dist/assets/inter-greek-wght-normal-CkhJZR-_.woff2          18.99 kB
dist/assets/inter-cyrillic-ext-wght-normal-BOeWTOD4.woff2   25.96 kB
dist/assets/inter-latin-wght-normal-Dx4kXJAl.woff2          48.25 kB
dist/assets/inter-latin-ext-wght-normal-DO1Apj_S.woff2      85.06 kB
dist/assets/index-B1zU0TSC.css                             168.33 kB │ gzip:  27.68 kB
dist/assets/rotate-ccw-h2qMk4aX.js                           0.23 kB │ gzip:   0.21 kB │ map:     0.88 kB
dist/assets/history-nqd_h-rd.js                              0.27 kB │ gzip:   0.22 kB │ map:     0.97 kB
dist/assets/jsx-runtime-CdvZGgm7.js                          7.80 kB │ gzip:   3.02 kB │ map:    16.70 kB
dist/assets/BalanceImportPanel-DabInzb4.js                   9.51 kB │ gzip:   3.33 kB │ map:    25.18 kB
dist/assets/TransactionImportPanel-C0KiUfni.js              10.04 kB │ gzip:   3.42 kB │ map:    26.41 kB
dist/assets/PlanningWorkspace-BElbunWZ.js                   14.20 kB │ gzip:   4.19 kB │ map:    42.25 kB
dist/assets/papaparse.min-CtTbj4kT.js                       20.09 kB │ gzip:   7.45 kB │ map:    46.10 kB
dist/assets/CalculatorLibrary-Bx074Q-y.js                  313.23 kB │ gzip:  83.55 kB │ map:   769.37 kB
dist/assets/ProjectionChart-DfgQGbhd.js                    347.89 kB │ gzip: 102.40 kB │ map: 1,758.79 kB
dist/assets/index-I9yVSoZG.js                              516.95 kB │ gzip: 141.85 kB │ map: 1,586.80 kB

✓ built in 754ms
[plugin builtin:vite-reporter] 
(!) Some chunks are larger than 500 kB after minification. Consider:
- Using dynamic import() to code-split the application
- Use build.rolldownOptions.output.codeSplitting to improve chunking: https://rolldown.rs/reference/OutputOptions.codeSplitting
- Adjust chunk size limit for this warning via build.chunkSizeWarningLimit.
