
 ⛅️ wrangler 4.130.0 (update available 4.131.0)
───────────────────────────────────────────────
Resource location: remote 

🌀 Executing on remote database finpath-preview (0dbad68e-7493-452f-8504-98d4c61ee5da):
🌀 To execute on your local development database, remove the --remote flag from your wrangler command.
🚣 Executed 2 commands in 0.33ms
[
  {
    "results": [
      {
        "name": "idempotency_key",
        "type": "TEXT"
      },
      {
        "name": "payload_hash",
        "type": "TEXT"
      }
    ],
    "success": true,
    "meta": {
      "served_by": "v3-prod",
      "served_by_region": "APAC",
      "served_by_colo": "SIN",
      "served_by_primary": true,
      "timings": {
        "sql_duration_ms": 0.1923
      },
      "duration": 0.1923,
      "changes": 0,
      "last_row_id": 0,
      "changed_db": false,
      "size_after": 245760,
      "rows_read": 18,
      "rows_written": 0,
      "total_attempts": 1
    }
  },
  {
    "results": [
      {
        "name": "idx_saved_calculator_results_user_idempotency",
        "sql": "CREATE UNIQUE INDEX idx_saved_calculator_results_user_idempotency\n  ON saved_calculator_results(user_id, idempotency_key)\n  WHERE idempotency_key IS NOT NULL"
      }
    ],
    "success": true,
    "meta": {
      "served_by": "v3-prod",
      "served_by_region": "APAC",
      "served_by_colo": "SIN",
      "served_by_primary": true,
      "timings": {
        "sql_duration_ms": 0.1337
      },
      "duration": 0.1337,
      "changes": 0,
      "last_row_id": 0,
      "changed_db": false,
      "size_after": 245760,
      "rows_read": 55,
      "rows_written": 0,
      "total_attempts": 1
    }
  }
]
