
 ⛅️ wrangler 4.130.0 (update available 4.131.0)
───────────────────────────────────────────────
Resource location: remote 

Migrations to be applied:
┌───────────────────────────────────────┐
│ name                                  │
├───────────────────────────────────────┤
│ 0005_saved_calculator_idempotency.sql │
└───────────────────────────────────────┘
? About to apply 1 migration(s)
Your database may not be available to serve requests during the migration, continue?
🤖 Using fallback value in non-interactive context: yes
🌀 Executing on remote database finpath-preview (0dbad68e-7493-452f-8504-98d4c61ee5da):
🌀 To execute on your local development database, remove the --remote flag from your wrangler command.
🚣 Executed 5 commands in 1.89ms
┌───────────────────────────────────────┬────────┐
│ name                                  │ status │
├───────────────────────────────────────┼────────┤
│ 0005_saved_calculator_idempotency.sql │ ✅     │
└───────────────────────────────────────┴────────┘
