✔ fails before running any stage when python3 is missing (14.667667ms)
✔ fails before running any stage when node is missing (12.347291ms)
✔ fails before running any stage when npm is missing (14.793041ms)
✔ runs every verification stage in order (908.222291ms)
✔ stops and preserves failure status from node --test scripts/test_all.test.mjs (211.406292ms)
✔ stops and preserves failure status from python3 -m compileall -q app.py project tests (307.885667ms)
✔ stops and preserves failure status from python3 -m pytest -q (370.058375ms)
✔ stops and preserves failure status from npm run typecheck (508.241ms)
✔ stops and preserves failure status from npm test (527.863708ms)
✔ stops and preserves failure status from npm run build (539.795333ms)
✔ installs missing dependencies from the lockfile (525.642041ms)
✔ does not run frontend verification after a failed install (501.696458ms)
✔ uses the repository virtualenv even without system Python (610.376917ms)
ℹ tests 13
ℹ suites 0
ℹ pass 13
ℹ fail 0
ℹ cancelled 0
ℹ skipped 0
ℹ todo 0
ℹ duration_ms 5114.771833
................................................... [ 64%]
............................                                             [100%]
79 passed, 21 subtests passed in 1.74s

> interactive-fire-calculator@2.0.0 typecheck
> tsc --noEmit


> interactive-fire-calculator@2.0.0 test
> vitest run


 RUN  v4.1.11 /Users/Rakesh/Projects/Interactive-FIRE-Calculator

(node:15117) ExperimentalWarning: SQLite is an experimental feature and might change at any time
(Use `node --trace-warnings ...` to show where the warning was created)

 Test Files  30 passed (30)
      Tests  1325 passed (1325)
   Start at  04:50:19
   Duration  5.05s (transform 1.69s, setup 0ms, import 3.42s, tests 2.58s, environment 23.08s)


> interactive-fire-calculator@2.0.0 build
> tsc -b && vite build

vite v8.0.16 building client environment for production...
[2Ktransforming...✓ 2404 modules transformed.
rendering chunks...
computing gzip size...
dist/index.html                                              0.85 kB │ gzip:   0.47 kB
dist/assets/inter-vietnamese-wght-normal-CBcvBZtf.woff2     10.25 kB
dist/assets/inter-greek-ext-wght-normal-DlzME5K_.woff2      11.23 kB
dist/assets/inter-cyrillic-wght-normal-DqGufNeO.woff2       18.74 kB
dist/assets/inter-greek-wght-normal-CkhJZR-_.woff2          18.99 kB
dist/assets/inter-cyrillic-ext-wght-normal-BOeWTOD4.woff2   25.96 kB
dist/assets/inter-latin-wght-normal-Dx4kXJAl.woff2          48.25 kB
dist/assets/inter-latin-ext-wght-normal-DO1Apj_S.woff2      85.06 kB
dist/assets/index-B1zU0TSC.css                             168.33 kB │ gzip:  27.68 kB
dist/assets/rotate-ccw-D8zokEnh.js                           0.23 kB │ gzip:   0.21 kB │ map:     0.88 kB
dist/assets/history-D5b-czeo.js                              0.27 kB │ gzip:   0.22 kB │ map:     0.97 kB
dist/assets/jsx-runtime-CdvZGgm7.js                          7.80 kB │ gzip:   3.02 kB │ map:    16.70 kB
dist/assets/BalanceImportPanel-8Nnd4uOg.js                   9.51 kB │ gzip:   3.33 kB │ map:    25.18 kB
dist/assets/TransactionImportPanel-BYgkJfAS.js              10.04 kB │ gzip:   3.42 kB │ map:    26.41 kB
dist/assets/PlanningWorkspace-CbTCJI8N.js                   14.20 kB │ gzip:   4.18 kB │ map:    42.25 kB
dist/assets/papaparse.min-4cBz0TYp.js                       20.09 kB │ gzip:   7.44 kB │ map:    46.10 kB
dist/assets/CalculatorLibrary-DgPUdk-i.js                  313.23 kB │ gzip:  83.54 kB │ map:   769.37 kB
dist/assets/ProjectionChart-CLL5xp1l.js                    347.89 kB │ gzip: 102.39 kB │ map: 1,758.79 kB
dist/assets/index-DvrnRrya.js                              519.44 kB │ gzip: 142.60 kB │ map: 1,595.43 kB

[plugin builtin:vite-reporter] 
(!) Some chunks are larger than 500 kB after minification. Consider:
- Using dynamic import() to code-split the application
- Use build.rolldownOptions.output.codeSplitting to improve chunking: https://rolldown.rs/reference/OutputOptions.codeSplitting
- Adjust chunk size limit for this warning via build.chunkSizeWarningLimit.
✓ built in 495ms
