✔ fails before running any stage when python3 is missing (16.348708ms)
✔ fails before running any stage when node is missing (15.826917ms)
✔ fails before running any stage when npm is missing (16.7275ms)
✔ runs every verification stage in order (985.936ms)
✔ stops and preserves failure status from node --test scripts/test_all.test.mjs (255.300834ms)
✔ stops and preserves failure status from python3 -m compileall -q app.py project tests (337.318792ms)
✔ stops and preserves failure status from python3 -m pytest -q (357.94875ms)
✔ stops and preserves failure status from npm run typecheck (512.691709ms)
✔ stops and preserves failure status from npm test (542.089458ms)
✔ stops and preserves failure status from npm run build (535.647833ms)
✔ installs missing dependencies from the lockfile (507.325167ms)
✔ does not run frontend verification after a failed install (513.368917ms)
✔ uses the repository virtualenv even without system Python (628.852ms)
ℹ tests 13
ℹ suites 0
ℹ pass 13
ℹ fail 0
ℹ cancelled 0
ℹ skipped 0
ℹ todo 0
ℹ duration_ms 5288.233667
................................................... [ 64%]
............................                                             [100%]
79 passed, 21 subtests passed in 0.90s

> interactive-fire-calculator@2.0.0 typecheck
> tsc --noEmit


> interactive-fire-calculator@2.0.0 test
> vitest run


[1m[30m[46m RUN [49m[39m[22m [36mv4.1.11 [39m[90m/Users/Rakesh/Projects/Interactive-FIRE-Calculator[39m

 [32m✓[39m src/lib/savingsGoalCalculator.test.ts [2m([22m[2m18 tests[22m[2m)[22m[32m 278[2mms[22m[39m
 [32m✓[39m src/lib/calculatorContent.test.ts [2m([22m[2m84 tests[22m[2m)[22m[32m 111[2mms[22m[39m
 [32m✓[39m src/lib/calculatorEngagement.test.ts [2m([22m[2m167 tests[22m[2m)[22m[32m 54[2mms[22m[39m
 [32m✓[39m src/CompoundInterestCalculator.test.tsx [2m([22m[2m9 tests[22m[2m)[22m[32m 149[2mms[22m[39m
 [32m✓[39m src/CashflowPlanningCalculator.test.tsx [2m([22m[2m10 tests[22m[2m)[22m[32m 267[2mms[22m[39m
 [32m✓[39m src/lib/calculatorStudios.test.ts [2m([22m[2m354 tests[22m[2m)[22m[33m 443[2mms[22m[39m
 [32m✓[39m src/SavingsGoalCalculator.test.tsx [2m([22m[2m9 tests[22m[2m)[22m[33m 419[2mms[22m[39m
(node:7616) ExperimentalWarning: SQLite is an experimental feature and might change at any time
(Use `node --trace-warnings ...` to show where the warning was created)
 [32m✓[39m src/lib/compoundInterestCalculator.test.ts [2m([22m[2m50 tests[22m[2m)[22m[32m 45[2mms[22m[39m
 [32m✓[39m src/lib/routeMetadata.test.ts [2m([22m[2m86 tests[22m[2m)[22m[32m 57[2mms[22m[39m
 [32m✓[39m src/lib/seoCalculators.test.ts [2m([22m[2m287 tests[22m[2m)[22m[32m 45[2mms[22m[39m
 [32m✓[39m src/calculatorResults.test.ts [2m([22m[2m22 tests[22m[2m)[22m[32m 82[2mms[22m[39m
 [32m✓[39m src/lib/transactionAnalytics.test.ts [2m([22m[2m5 tests[22m[2m)[22m[32m 14[2mms[22m[39m
 [32m✓[39m src/lib/insights.test.ts [2m([22m[2m8 tests[22m[2m)[22m[32m 83[2mms[22m[39m
 [32m✓[39m src/lib/calculatorToolkits.test.ts [2m([22m[2m92 tests[22m[2m)[22m[32m 11[2mms[22m[39m
 [32m✓[39m src/lib/planHealth.test.ts [2m([22m[2m5 tests[22m[2m)[22m[32m 9[2mms[22m[39m
 [32m✓[39m src/lib/fire.test.ts [2m([22m[2m15 tests[22m[2m)[22m[32m 12[2mms[22m[39m
 [32m✓[39m src/lib/cashflowPlanningCalculators.test.ts [2m([22m[2m24 tests[22m[2m)[22m[32m 6[2mms[22m[39m
 [32m✓[39m src/goals.test.ts [2m([22m[2m8 tests[22m[2m)[22m[32m 7[2mms[22m[39m
 [32m✓[39m src/accounts.test.ts [2m([22m[2m8 tests[22m[2m)[22m[32m 8[2mms[22m[39m
 [32m✓[39m src/lib/transactionCsv.test.ts [2m([22m[2m4 tests[22m[2m)[22m[32m 6[2mms[22m[39m
 [32m✓[39m src/lib/balanceCsv.test.ts [2m([22m[2m4 tests[22m[2m)[22m[32m 4[2mms[22m[39m
 [32m✓[39m src/balanceImports.test.ts [2m([22m[2m7 tests[22m[2m)[22m[32m 4[2mms[22m[39m
 [32m✓[39m src/transactionImports.test.ts [2m([22m[2m6 tests[22m[2m)[22m[32m 4[2mms[22m[39m
 [32m✓[39m src/lib/planWorkspace.test.ts [2m([22m[2m6 tests[22m[2m)[22m[32m 4[2mms[22m[39m
 [32m✓[39m src/accountData.test.ts [2m([22m[2m3 tests[22m[2m)[22m[32m 4[2mms[22m[39m
 [32m✓[39m src/lib/navigation.test.ts [2m([22m[2m7 tests[22m[2m)[22m[32m 3[2mms[22m[39m
 [32m✓[39m src/firePlans.test.ts [2m([22m[2m4 tests[22m[2m)[22m[32m 3[2mms[22m[39m
 [32m✓[39m src/transactions.test.ts [2m([22m[2m4 tests[22m[2m)[22m[32m 3[2mms[22m[39m

[2m Test Files [22m [1m[32m28 passed[39m[22m[90m (28)[39m
[2m      Tests [22m [1m[32m1306 passed[39m[22m[90m (1306)[39m
[2m   Start at [22m 01:13:48
[2m   Duration [22m 5.08s[2m (transform 1.96s, setup 0ms, import 4.00s, tests 2.14s, environment 23.68s)[22m


> interactive-fire-calculator@2.0.0 build
> tsc -b && vite build

vite v8.0.16 building client environment for production...
[2Ktransforming...✓ 2403 modules transformed.
rendering chunks...
computing gzip size...
dist/index.html                                              0.85 kB │ gzip:   0.47 kB
dist/assets/inter-vietnamese-wght-normal-CBcvBZtf.woff2     10.25 kB
dist/assets/inter-greek-ext-wght-normal-DlzME5K_.woff2      11.23 kB
dist/assets/inter-cyrillic-wght-normal-DqGufNeO.woff2       18.74 kB
dist/assets/inter-greek-wght-normal-CkhJZR-_.woff2          18.99 kB
dist/assets/inter-cyrillic-ext-wght-normal-BOeWTOD4.woff2   25.96 kB
dist/assets/inter-latin-wght-normal-Dx4kXJAl.woff2          48.25 kB
dist/assets/inter-latin-ext-wght-normal-DO1Apj_S.woff2      85.06 kB
dist/assets/index-B1zU0TSC.css                             168.33 kB │ gzip:  27.68 kB
dist/assets/rotate-ccw-h2qMk4aX.js                           0.23 kB │ gzip:   0.21 kB │ map:     0.88 kB
dist/assets/history-nqd_h-rd.js                              0.27 kB │ gzip:   0.22 kB │ map:     0.97 kB
dist/assets/jsx-runtime-CdvZGgm7.js                          7.80 kB │ gzip:   3.02 kB │ map:    16.70 kB
dist/assets/BalanceImportPanel-DabInzb4.js                   9.51 kB │ gzip:   3.33 kB │ map:    25.18 kB
dist/assets/TransactionImportPanel-C0KiUfni.js              10.04 kB │ gzip:   3.42 kB │ map:    26.41 kB
dist/assets/PlanningWorkspace-BElbunWZ.js                   14.20 kB │ gzip:   4.19 kB │ map:    42.25 kB
dist/assets/papaparse.min-CtTbj4kT.js                       20.09 kB │ gzip:   7.45 kB │ map:    46.10 kB
dist/assets/CalculatorLibrary-Bx074Q-y.js                  313.23 kB │ gzip:  83.55 kB │ map:   769.37 kB
dist/assets/ProjectionChart-DfgQGbhd.js                    347.89 kB │ gzip: 102.40 kB │ map: 1,758.79 kB
dist/assets/index-I9yVSoZG.js                              516.95 kB │ gzip: 141.85 kB │ map: 1,586.80 kB

✓ built in 2.14s
[plugin builtin:vite-reporter] 
(!) Some chunks are larger than 500 kB after minification. Consider:
- Using dynamic import() to code-split the application
- Use build.rolldownOptions.output.codeSplitting to improve chunking: https://rolldown.rs/reference/OutputOptions.codeSplitting
- Adjust chunk size limit for this warning via build.chunkSizeWarningLimit.
