✔ fails before running any stage when python3 is missing (41.916541ms)
✔ fails before running any stage when node is missing (15.473291ms)
✔ fails before running any stage when npm is missing (13.972084ms)
✔ runs every verification stage in order (1067.267625ms)
✔ stops and preserves failure status from node --test scripts/test_all.test.mjs (265.236667ms)
✔ stops and preserves failure status from node --test scripts/build_preview_auth.test.mjs (162.483667ms)
✔ stops and preserves failure status from python3 -m compileall -q app.py project tests (345.793125ms)
✔ stops and preserves failure status from python3 -m pytest -q (541.172166ms)
✔ stops and preserves failure status from npm run typecheck (521.113125ms)
✔ stops and preserves failure status from npm test (540.432334ms)
✔ stops and preserves failure status from npm run build (520.701334ms)
✔ installs missing dependencies from the lockfile (539.226791ms)
✔ does not run frontend verification after a failed install (498.838208ms)
✔ uses the repository virtualenv even without system Python (573.542458ms)
ℹ tests 14
ℹ suites 0
ℹ pass 14
ℹ fail 0
ℹ cancelled 0
ℹ skipped 0
ℹ todo 0
ℹ duration_ms 5734.623875
✔ requires a development publishable key (1.204583ms)
✔ reads the client-visible key from a private ignored env file (3.629916ms)
✔ rejects a key file readable by other users (0.784917ms)
✔ rejects server credentials exposed through Vite client variables (0.270708ms)
✔ rejects server credentials loaded by Vite from production env files (1.696792ms)
ℹ tests 5
ℹ suites 0
ℹ pass 5
ℹ fail 0
ℹ cancelled 0
ℹ skipped 0
ℹ todo 0
ℹ duration_ms 190.788333
................................................... [ 64%]
............................                                             [100%]
79 passed, 21 subtests passed in 8.96s

> interactive-fire-calculator@2.0.0 typecheck
> tsc --noEmit


> interactive-fire-calculator@2.0.0 test
> vitest run


 RUN  v4.1.11 /Users/Rakesh/Projects/Interactive-FIRE-Calculator

(node:41189) ExperimentalWarning: SQLite is an experimental feature and might change at any time
(Use `node --trace-warnings ...` to show where the warning was created)
(node:41190) ExperimentalWarning: SQLite is an experimental feature and might change at any time
(Use `node --trace-warnings ...` to show where the warning was created)
(node:41195) ExperimentalWarning: SQLite is an experimental feature and might change at any time
(Use `node --trace-warnings ...` to show where the warning was created)
(node:41197) ExperimentalWarning: SQLite is an experimental feature and might change at any time
(Use `node --trace-warnings ...` to show where the warning was created)
(node:41199) ExperimentalWarning: SQLite is an experimental feature and might change at any time
(Use `node --trace-warnings ...` to show where the warning was created)
(node:41201) ExperimentalWarning: SQLite is an experimental feature and might change at any time
(Use `node --trace-warnings ...` to show where the warning was created)
(node:41202) ExperimentalWarning: SQLite is an experimental feature and might change at any time
(Use `node --trace-warnings ...` to show where the warning was created)
(node:41213) ExperimentalWarning: SQLite is an experimental feature and might change at any time
(Use `node --trace-warnings ...` to show where the warning was created)

 Test Files  54 passed (54)
      Tests  1675 passed (1675)
   Start at  02:28:08
   Duration  14.96s (transform 4.33s, setup 0ms, import 11.13s, tests 15.27s, environment 66.74s)


> interactive-fire-calculator@2.0.0 build
> tsc -b && vite build && node scripts/verify_build_isolation.mjs

vite v8.0.16 building client environment for production...
[2Ktransforming...✓ 2407 modules transformed.
rendering chunks...
computing gzip size...
dist/index.html                                              0.85 kB │ gzip:   0.47 kB
dist/assets/inter-vietnamese-wght-normal-CBcvBZtf.woff2     10.25 kB
dist/assets/inter-greek-ext-wght-normal-DlzME5K_.woff2      11.23 kB
dist/assets/inter-cyrillic-wght-normal-DqGufNeO.woff2       18.74 kB
dist/assets/inter-greek-wght-normal-CkhJZR-_.woff2          18.99 kB
dist/assets/inter-cyrillic-ext-wght-normal-BOeWTOD4.woff2   25.96 kB
dist/assets/inter-latin-wght-normal-Dx4kXJAl.woff2          48.25 kB
dist/assets/inter-latin-ext-wght-normal-DO1Apj_S.woff2      85.06 kB
dist/assets/main-DUQkqalD.css                              188.46 kB │ gzip:  30.88 kB
dist/assets/circle-check-BlCxiqU1.js                         0.21 kB │ gzip:   0.19 kB │ map:     0.90 kB
dist/assets/history-D3qwlhIw.js                              0.27 kB │ gzip:   0.22 kB │ map:     0.97 kB
dist/assets/jsx-runtime-CdvZGgm7.js                          7.80 kB │ gzip:   3.02 kB │ map:    16.70 kB
dist/assets/BalanceImportPanel-B-gNqk6i.js                   9.53 kB │ gzip:   3.35 kB │ map:    25.23 kB
dist/assets/TransactionImportPanel-q5_FnGUs.js              10.06 kB │ gzip:   3.43 kB │ map:    26.46 kB
dist/assets/papaparse.min-CusFC36f.js                       19.96 kB │ gzip:   7.41 kB │ map:    45.31 kB
dist/assets/PlanningWorkspace-CPSpJnMn.js                   25.01 kB │ gzip:   7.00 kB │ map:    72.59 kB
dist/assets/CalculatorLibrary-BwUB_A2X.js                  318.54 kB │ gzip:  85.18 kB │ map:   784.15 kB
dist/assets/ProjectionChart-Bmjq74HE.js                    347.89 kB │ gzip: 102.40 kB │ map: 1,758.79 kB
dist/assets/main-B4E0_Mzm.js                               542.81 kB │ gzip: 149.26 kB │ map: 1,675.25 kB

[plugin builtin:vite-reporter] 
(!) Some chunks are larger than 500 kB after minification. Consider:
- Using dynamic import() to code-split the application
- Use build.rolldownOptions.output.codeSplitting to improve chunking: https://rolldown.rs/reference/OutputOptions.codeSplitting
- Adjust chunk size limit for this warning via build.chunkSizeWarningLimit.
✓ built in 502ms
[verify_build_isolation] Inspecting production build in: /Users/Rakesh/Projects/Interactive-FIRE-Calculator/dist
[PASS] Verified build isolation: 21 production asset files (JS, CSS, Source Maps) clean. 0 fixture leaks.
